Microsoft Windows [Version 10.0.22621.1105]
(c) Microsoft Corporation. All rights reserved.

C:\suv\lw3.io_dao>npx @startertemp/nextjs-hardhat DAO-Tutorial
Need to install the following packages:
  @startertemp/nextjs-hardhat@1.1.5
Ok to proceed? (y) y
npm WARN deprecated @json-rpc-tools/types@1.7.6: Package no longer supported. Contact Support at https://www.npmjs.com/support for more info.
npm WARN deprecated @json-rpc-tools/utils@1.7.6: Package no longer supported. Contact Support at https://www.npmjs.com/support for more info.
npm WARN deprecated safe-event-emitter@1.0.1: Renamed to @metamask/safe-event-emitter
npm WARN deprecated @json-rpc-tools/provider@1.7.6: Package no longer supported. Contact Support at https://www.npmjs.com/support for more info.
npm WARN deprecated @walletconnect/mobile-registry@1.4.0: Deprecated in favor of dynamic registry available from: https://github.com/walletconnect/walletconnect-registry
npm WARN deprecated @walletconnect/qrcode-modal@1.8.0: WalletConnect's v1 SDKs are now deprecated. Please upgrade to a v2 SDK. For details see: https://docs.walletconnect.com/
npm WARN deprecated @walletconnect/types@1.8.0: WalletConnect's v1 SDKs are now deprecated. Please upgrade to a v2 SDK. For details see: https://docs.walletconnect.com/
npm WARN deprecated @walletconnect/client@1.8.0: WalletConnect's v1 SDKs are now deprecated. Please upgrade to a v2 SDK. For details see: https://docs.walletconnect.com/
npm WARN deprecated @walletconnect/ethereum-provider@1.8.0: WalletConnect's v1 SDKs are now deprecated. Please upgrade to a v2 SDK. For details see: https://docs.walletconnect.com/
npm WARN deprecated eth-sig-util@1.4.2: Deprecated in favor of '@metamask/eth-sig-util'
Installing web3modal project
----- Downloading project template to dao-tutorial
Cloning into 'dao-tutorial'...
remote: Enumerating objects: 46, done.
remote: Counting objects: 100% (46/46), done.
remote: Compressing objects: 100% (37/37), done.
Receiving objects: 100% (46/46), 25.19 KiB | 1.57 MiB/s, done. eceiving objects:  89% (41/46)

Resolving deltas: 100% (3/3), done.
----- Detected Platform win32
----- Installing Web3Modal
----- Installing Frontend dependancies

added 121 packages, and audited 122 packages in 9s

36 packages are looking for funding
  run `npm fund` for details

found 0 vulnerabilities
----- Installing Backend dependancies
npm WARN deprecated request-promise-native@1.0.9: request-promise-native has been deprecated because it extends the now deprecated request package, see https://github.com/request/request/issues/3142
npm WARN deprecated har-validator@5.1.5: this library is no longer supported
npm WARN deprecated debug@3.2.6: Debug versions >=3.2.0 <3.2.7 || >=4 <4.3.1 have a low-severity ReDos regression when used in a Node.js environment. It is recommended you upgrade to 3.2.7 or 4.3.1. (https://github.com/visionmedia/debug/issues/797)
npm WARN deprecated debug@3.2.6: Debug versions >=3.2.0 <3.2.7 || >=4 <4.3.1 have a low-severity ReDos regression when used in a Node.js environment. It is recommended you upgrade to 3.2.7 or 4.3.1. (https://github.com/visionmedia/debug/issues/797)
npm WARN deprecated uuid@2.0.1: Please upgrade  to version 7 or higher.  Older versions may use Math.random() in certain circumstances, which is known to be problematic.  See https://v8.dev/blog/math-random for details.
npm WARN deprecated uuid@3.4.0: Please upgrade  to version 7 or higher.  Older versions may use Math.random() in certain circumstances, which is known to be problematic.  See https://v8.dev/blog/math-random for details.
npm WARN deprecated request@2.88.2: request has been deprecated, see https://github.com/request/request/issues/3142

added 704 packages, and audited 705 packages in 1m

121 packages are looking for funding
  run `npm fund` for details

8 vulnerabilities (5 high, 3 critical)

To address all issues (including breaking changes), run:
  npm audit fix --force

Run `npm audit` for details.
----- Clearing out Installation Directories
        1 file(s) moved.
----- Initialising Git
Initialized empty Git repository in C:/suv/lw3.io_dao/dao-tutorial/.git/
------ Successfully Installed All!
cd frontend && npm run dev
--<3- Made by Love with Startertemp and LearnWeb3DAO

C:\suv\lw3.io_dao>cd dao-tutorial

C:\suv\lw3.io_dao\dao-tutorial>code .

C:\suv\lw3.io_dao\dao-tutorial>npm update

up to date in 105ms

C:\suv\lw3.io_dao\dao-tutorial>cd backend

C:\suv\lw3.io_dao\dao-tutorial\backend>npx hardhat compile
Compiled 2 Solidity files successfully

C:\suv\lw3.io_dao\dao-tutorial\backend>npx hardhat compile
Compiled 3 Solidity files successfully

C:\suv\lw3.io_dao\dao-tutorial\backend>npx hardhat run scripts/deploy.js
FakeNFTMarketplace deployed to:  0x3b0a9381D2B49cE010E4ad1B94b5F5224C293110
Error: insufficient funds for intrinsic transaction cost [ See: https://links.ethers.org/v5-errors-INSUFFICIENT_FUNDS ] (error={"name":"ProviderError","_stack":"ProviderError: HttpProviderError\n    at HttpProvider.request (C:\\suv\\lw3.io_dao\\dao-tutorial\\backend\\node_modules\\hardhat\\src\\internal\\core\\providers\\http.ts:83:19)\n    at LocalAccountsProvider.request (C:\\suv\\lw3.io_dao\\dao-tutorial\\backend\\node_modules\\hardhat\\src\\internal\\core\\providers\\accounts.ts:187:34)\n    at processTicksAndRejections (node:internal/process/task_queues:96:5)\n    at EthersProviderWrapper.send (C:\\suv\\lw3.io_dao\\dao-tutorial\\backend\\node_modules\\@nomiclabs\\hardhat-ethers\\src\\internal\\ethers-provider-wrapper.ts:13:20)","code":-32000,"_isProviderError":true}, method="estimateGas", transaction={"from":"0x4d7b649A6D32ae1C17A77504F44F8F0a71B7FE92","value":{"type":"BigNumber","hex":"0x0de0b6b3a7640000"},"data":"0x6080604052604051620019f1380380620019f1833981810160405281019062000029919062000209565b620000496200003d620000d360201b60201c565b620000db60201b60201c565b81600360006101000a81548173ffffffffffffffffffffffffffffffffffffffff021916908373ffffffffffffffffffffffffffffffffffffffff16021790555080600460006101000a81548173ffffffffffffffffffffffffffffffffffffffff021916908373ffffffffffffffffffffffffffffffffffffffff160217905550505062000250565b600033905090565b60008060009054906101000a900473ffffffffffffffffffffffffffffffffffffffff169050816000806101000a81548173ffffffffffffffffffffffffffffffffffffffff021916908373ffffffffffffffffffffffffffffffffffffffff1602179055508173ffffffffffffffffffffffffffffffffffffffff168173ffffffffffffffffffffffffffffffffffffffff167f8be0079c531659141344cd1fd0a4f28419497f9722a3daafe3b4186f6b6457e060405160405180910390a35050565b600080fd5b600073ffffffffffffffffffffffffffffffffffffffff82169050919050565b6000620001d182620001a4565b9050919050565b620001e381620001c4565b8114620001ef57600080fd5b50565b6000815190506200020381620001d8565b92915050565b600080604083850312156200022357620002226200019f565b5b60006200023385828601620001f2565b92505060206200024685828601620001f2565b9150509250929050565b61179180620002606000396000f3fe60806040526004361061008a5760003560e01c8063715018a611610059578063715018a6146101655780637362377b1461017c5780638da5cb5b14610193578063efafb22e146101be578063f2fde38b146101e757610091565b8063013cf08b146100935780630d61b519146100d4578063400e3949146100fd5780635a43dc001461012857610091565b3661009157005b005b34801561009f57600080fd5b506100ba60048036038101906100b59190610ef2565b610210565b6040516100cb959493929190610f49565b60405180910390f35b3480156100e057600080fd5b506100fb60048036038101906100f69190610ef2565b610253565b005b34801561010957600080fd5b506101126105c8565b60405161011f9190610f9c565b60405180910390f35b34801561013457600080fd5b5061014f600480360381019061014a9190610ef2565b6105ce565b60405161015c9190610f9c565b60405180910390f35b34801561017157600080fd5b5061017a61080d565b005b34801561018857600080fd5b50610191610821565b005b34801561019f57600080fd5b506101a86108c2565b6040516101b59190610ff8565b60405180910390f35b3480156101ca57600080fd5b506101e560048036038101906101e09190611038565b6108eb565b005b3480156101f357600080fd5b5061020e600480360381019061020991906110a4565b610ce9565b005b60016020528060005260406000206000915090508060000154908060010154908060020154908060030154908060040160009054906101000a900460ff16905085565b6000600460009054906101000a900473ffffffffffffffffffffffffffffffffffffffff1673ffffffffffffffffffffffffffffffffffffffff166370a08231336040518263ffffffff1660e01b81526004016102b09190610ff8565b60206040518083038186803b1580156102c857600080fd5b505afa1580156102dc573d6000803e3d6000fd5b505050506040513d601f19601f8201168201806040525081019061030091906110e6565b11610340576040517f08c379a000000000000000000000000000000000000000000000000000000000815260040161033790611170565b60405180910390fd5b80426001600083815260200190815260200160002060010154111561039a576040517f08c379a0000000000000000000000000000000000000000000000000000000008152600401610391906111dc565b60405180910390fd5b600015156001600083815260200190815260200160002060040160009054906101000a900460ff16151514610404576040517f08c379a00000000000000000000000000000000000000000000000000000000081526004016103fb90611248565b60405180910390fd5b60006001600084815260200190815260200160002090508060030154816002015411156105a6576000600360009054906101000a900473ffffffffffffffffffffffffffffffffffffffff1673ffffffffffffffffffffffffffffffffffffffff166398d5fdca6040518163ffffffff1660e01b815260040160206040518083038186803b15801561049557600080fd5b505afa1580156104a9573d6000803e3d6000fd5b505050506040513d601f19601f820116820180604052508101906104cd91906110e6565b905080471015610512576040517f08c379a0000000000000000000000000000000000000000000000000000000008152600401610509906112b4565b60405180910390fd5b600360009054906101000a900473ffffffffffffffffffffffffffffffffffffffff1673ffffffffffffffffffffffffffffffffffffffff1663efef39a18284600001546040518363ffffffff1660e01b81526004016105729190610f9c565b6000604051808303818588803b15801561058b57600080fd5b505af115801561059f573d6000803e3d6000fd5b5050505050505b60018160040160006101000a81548160ff021916908315150217905550505050565b60025481565b600080600460009054906101000a900473ffffffffffffffffffffffffffffffffffffffff1673ffffffffffffffffffffffffffffffffffffffff166370a08231336040518263ffffffff1660e01b815260040161062c9190610ff8565b60206040518083038186803b15801561064457600080fd5b505afa158015610658573d6000803e3d6000fd5b505050506040513d601f19601f8201168201806040525081019061067c91906110e6565b116106bc576040517f08c379a00000000000000000000000000000000000000000000000000000000081526004016106b390611170565b60405180910390fd5b600360009054906101000a900473ffffffffffffffffffffffffffffffffffffffff1673ffffffffffffffffffffffffffffffffffffffff166396e494e8836040518263ffffffff1660e01b81526004016107179190610f9c565b60206040518083038186803b15801561072f57600080fd5b505afa158015610743573d6000803e3d6000fd5b505050506040513d601f19601f820116820180604052508101906107679190611300565b6107a6576040517f08c379a000000000000000000000000000000000000000000000000000000000815260040161079d90611379565b60405180910390fd5b6000600160006002548152602001908152602001600020905082816000018190555061012c426107d691906113c8565b8160010181905550600260008154809291906107f19061141e565b919050555060016002546108059190611467565b915050919050565b610815610d6d565b61081f6000610deb565b565b610829610d6d565b600047905060008111610871576040517f08c379a00000000000000000000000000000000000000000000000000000000081526004016108689061150d565b60405180910390fd5b6108796108c2565b73ffffffffffffffffffffffffffffffffffffffff166108fc829081150290604051600060405180830381858888f193505050501580156108be573d6000803e3d6000fd5b5050565b60008060009054906101000a900473ffffffffffffffffffffffffffffffffffffffff16905090565b6000600460009054906101000a900473ffffffffffffffffffffffffffffffffffffffff1673ffffffffffffffffffffffffffffffffffffffff166370a08231336040518263ffffffff1660e01b81526004016109489190610ff8565b60206040518083038186803b15801561096057600080fd5b505afa158015610974573d6000803e3d6000fd5b505050506040513d601f19601f8201168201806040525081019061099891906110e6565b116109d8576040517f08c379a00000000000000000000000000000000000000000000000000000000081526004016109cf90611170565b60405180910390fd5b8142600160008381526020019081526020016000206001015411610a31576040517f08c379a0000000000000000000000000000000000000000000000000000000008152600401610a2890611579565b60405180910390fd5b60006001600085815260200190815260200160002090506000600460009054906101000a900473ffffffffffffffffffffffffffffffffffffffff1673ffffffffffffffffffffffffffffffffffffffff166370a08231336040518263ffffffff1660e01b8152600401610aa59190610ff8565b60206040518083038186803b158015610abd57600080fd5b505afa158015610ad1573d6000803e3d6000fd5b505050506040513d601f19601f82011682018060405250810190610af591906110e6565b90506000805b82811015610c34576000600460009054906101000a900473ffffffffffffffffffffffffffffffffffffffff1673ffffffffffffffffffffffffffffffffffffffff16632f745c5933846040518363ffffffff1660e01b8152600401610b62929190611599565b60206040518083038186803b158015610b7a57600080fd5b505afa158015610b8e573d6000803e3d6000fd5b505050506040513d601f19601f82011682018060405250810190610bb291906110e6565b90506000151585600501600083815260200190815260200160002060009054906101000a900460ff1615151415610c20578280610bee9061141e565b935050600185600501600083815260200190815260200160002060006101000a81548160ff0219169083151502179055505b508080610c2c9061141e565b915050610afb565b5060008111610c78576040517f08c379a0000000000000000000000000000000000000000000000000000000008152600401610c6f9061160e565b60405180910390fd5b60006001811115610c8c57610c8b61162e565b5b856001811115610c9f57610c9e61162e565b5b1415610cc55780836002016000828254610cb991906113c8565b92505081905550610ce1565b80836003016000828254610cd991906113c8565b925050819055505b505050505050565b610cf1610d6d565b600073ffffffffffffffffffffffffffffffffffffffff168173ffffffffffffffffffffffffffffffffffffffff161415610d61576040517f08c379a0000000000000000000000000000000000000000000000000000000008152600401610d58906116cf565b60405180910390fd5b610d6a81610deb565b50565b610d75610eaf565b73ffffffffffffffffffffffffffffffffffffffff16610d936108c2565b73ffffffffffffffffffffffffffffffffffffffff1614610de9576040517f08c379a0000000000000000000000000000000000000000000000000000000008152600401610de09061173b565b60405180910390fd5b565b60008060009054906101000a900473ffffffffffffffffffffffffffffffffffffffff169050816000806101000a81548173ffffffffffffffffffffffffffffffffffffffff021916908373ffffffffffffffffffffffffffffffffffffffff1602179055508173ffffffffffffffffffffffffffffffffffffffff168173ffffffffffffffffffffffffffffffffffffffff167f8be0079c531659141344cd1fd0a4f28419497f9722a3daafe3b4186f6b6457e060405160405180910390a35050565b600033905090565b600080fd5b6000819050919050565b610ecf81610ebc565b8114610eda57600080fd5b50565b600081359050610eec81610ec6565b92915050565b600060208284031215610f0857610f07610eb7565b5b6000610f1684828501610edd565b91505092915050565b610f2881610ebc565b82525050565b60008115159050919050565b610f4381610f2e565b82525050565b600060a082019050610f5e6000830188610f1f565b610f6b6020830187610f1f565b610f786040830186610f1f565b610f856060830185610f1f565b610f926080830184610f3a565b9695505050505050565b6000602082019050610fb16000830184610f1f565b92915050565b600073ffffffffffffffffffffffffffffffffffffffff82169050919050565b6000610fe282610fb7565b9050919050565b610ff281610fd7565b82525050565b600060208201905061100d6000830184610fe9565b92915050565b6002811061102057600080fd5b50565b60008135905061103281611013565b92915050565b6000806040838503121561104f5761104e610eb7565b5b600061105d85828601610edd565b925050602061106e85828601611023565b9150509250929050565b61108181610fd7565b811461108c57600080fd5b50565b60008135905061109e81611078565b92915050565b6000602082840312156110ba576110b9610eb7565b5b60006110c88482850161108f565b91505092915050565b6000815190506110e081610ec6565b92915050565b6000602082840312156110fc576110fb610eb7565b5b600061110a848285016110d1565b91505092915050565b600082825260208201905092915050565b7f4e4f545f415f44414f5f4d454d42455200000000000000000000000000000000600082015250565b600061115a601083611113565b915061116582611124565b602082019050919050565b600060208201905081810360008301526111898161114d565b9050919050565b7f444541444c494e455f4e4f545f45584345454445440000000000000000000000600082015250565b60006111c6601583611113565b91506111d182611190565b602082019050919050565b600060208201905081810360008301526111f5816111b9565b9050919050565b7f50524f504f53414c5f414c52454144595f455845435554454400000000000000600082015250565b6000611232601983611113565b915061123d826111fc565b602082019050919050565b6000602082019050818103600083015261126181611225565b9050919050565b7f4e4f545f454e4f5547485f46554e445300000000000000000000000000000000600082015250565b600061129e601083611113565b91506112a982611268565b602082019050919050565b600060208201905081810360008301526112cd81611291565b9050919050565b6112dd81610f2e565b81146112e857600080fd5b50565b6000815190506112fa816112d4565b92915050565b60006020828403121561131657611315610eb7565b5b6000611324848285016112eb565b91505092915050565b7f4e46545f4e4f545f464f525f53414c4500000000000000000000000000000000600082015250565b6000611363601083611113565b915061136e8261132d565b602082019050919050565b6000602082019050818103600083015261139281611356565b9050919050565b7f4e487b7100000000000000000000000000000000000000000000000000000000600052601160045260246000fd5b60006113d382610ebc565b91506113de83610ebc565b9250827fffffffffffffffffffffffffffffffffffffffffffffffffffffffffffffffff0382111561141357611412611399565b5b828201905092915050565b600061142982610ebc565b91507fffffffffffffffffffffffffffffffffffffffffffffffffffffffffffffffff82141561145c5761145b611399565b5b600182019050919050565b600061147282610ebc565b915061147d83610ebc565b9250828210156114905761148f611399565b5b828203905092915050565b7f4e6f7468696e6720746f2077697468647261773b20636f6e747261637420626160008201527f6c616e636520656d707479000000000000000000000000000000000000000000602082015250565b60006114f7602b83611113565b91506115028261149b565b604082019050919050565b60006020820190508181036000830152611526816114ea565b9050919050565b7f444541444c494e455f4558434545444544000000000000000000000000000000600082015250565b6000611563601183611113565b915061156e8261152d565b602082019050919050565b6000602082019050818103600083015261159281611556565b9050919050565b60006040820190506115ae6000830185610fe9565b6115bb6020830184610f1f565b9392505050565b7f414c52454144595f564f54454400000000000000000000000000000000000000600082015250565b60006115f8600d83611113565b9150611603826115c2565b602082019050919050565b60006020820190508181036000830152611627816115eb565b9050919050565b7f4e487b7100000000000000000000000000000000000000000000000000000000600052602160045260246000fd5b7f4f776e61626c653a206e6577206f776e657220697320746865207a65726f206160008201527f6464726573730000000000000000000000000000000000000000000000000000602082015250565b60006116b9602683611113565b91506116c48261165d565b604082019050919050565b600060208201905081810360008301526116e8816116ac565b9050919050565b7f4f776e61626c653a2063616c6c6572206973206e6f7420746865206f776e6572600082015250565b6000611725602083611113565b9150611730826116ef565b602082019050919050565b6000602082019050818103600083015261175481611718565b905091905056fea2646970667358221220931b51ea68717e6e6d17a3bd02f26c6a0e365d062f8d8a51f03caaadab837ed964736f6c634300080900330000000000000000000000003b0a9381d2b49ce010e4ad1b94b5f5224c2931100000000000000000000000004ae2a6da43907593859a9fe62ce3c71a7189ad6a","accessList":null}, code=INSUFFICIENT_FUNDS, version=providers/5.7.2)
    at Logger.makeError (C:\suv\lw3.io_dao\dao-tutorial\backend\node_modules\@ethersproject\logger\src.ts\index.ts:269:28)
    at Logger.throwError (C:\suv\lw3.io_dao\dao-tutorial\backend\node_modules\@ethersproject\logger\src.ts\index.ts:281:20)
    at checkError (C:\suv\lw3.io_dao\dao-tutorial\backend\node_modules\@ethersproject\providers\src.ts\json-rpc-provider.ts:98:16)
    at EthersProviderWrapper.<anonymous> (C:\suv\lw3.io_dao\dao-tutorial\backend\node_modules\@ethersproject\providers\src.ts\json-rpc-provider.ts:642:20)
    at step (C:\suv\lw3.io_dao\dao-tutorial\backend\node_modules\@ethersproject\providers\lib\json-rpc-provider.js:48:23)
    at Object.throw (C:\suv\lw3.io_dao\dao-tutorial\backend\node_modules\@ethersproject\providers\lib\json-rpc-provider.js:29:53)
    at rejected (C:\suv\lw3.io_dao\dao-tutorial\backend\node_modules\@ethersproject\providers\lib\json-rpc-provider.js:21:65)
    at processTicksAndRejections (node:internal/process/task_queues:96:5) {
  reason: 'insufficient funds for intrinsic transaction cost',
  code: 'INSUFFICIENT_FUNDS',
  error: ProviderError: HttpProviderError
      at HttpProvider.request (C:\suv\lw3.io_dao\dao-tutorial\backend\node_modules\hardhat\src\internal\core\providers\http.ts:83:19)
      at LocalAccountsProvider.request (C:\suv\lw3.io_dao\dao-tutorial\backend\node_modules\hardhat\src\internal\core\providers\accounts.ts:187:34)
      at processTicksAndRejections (node:internal/process/task_queues:96:5)
      at EthersProviderWrapper.send (C:\suv\lw3.io_dao\dao-tutorial\backend\node_modules\@nomiclabs\hardhat-ethers\src\internal\ethers-provider-wrapper.ts:13:20),
  method: 'estimateGas',
  transaction: {
    from: '0x4d7b649A6D32ae1C17A77504F44F8F0a71B7FE92',
    value: BigNumber { value: "1000000000000000000" },
    data: '0x6080604052604051620019f1380380620019f1833981810160405281019062000029919062000209565b620000496200003d620000d360201b60201c565b620000db60201b60201c565b81600360006101000a81548173ffffffffffffffffffffffffffffffffffffffff021916908373ffffffffffffffffffffffffffffffffffffffff16021790555080600460006101000a81548173ffffffffffffffffffffffffffffffffffffffff021916908373ffffffffffffffffffffffffffffffffffffffff160217905550505062000250565b600033905090565b60008060009054906101000a900473ffffffffffffffffffffffffffffffffffffffff169050816000806101000a81548173ffffffffffffffffffffffffffffffffffffffff021916908373ffffffffffffffffffffffffffffffffffffffff1602179055508173ffffffffffffffffffffffffffffffffffffffff168173ffffffffffffffffffffffffffffffffffffffff167f8be0079c531659141344cd1fd0a4f28419497f9722a3daafe3b4186f6b6457e060405160405180910390a35050565b600080fd5b600073ffffffffffffffffffffffffffffffffffffffff82169050919050565b6000620001d182620001a4565b9050919050565b620001e381620001c4565b8114620001ef57600080fd5b50565b6000815190506200020381620001d8565b92915050565b600080604083850312156200022357620002226200019f565b5b60006200023385828601620001f2565b92505060206200024685828601620001f2565b9150509250929050565b61179180620002606000396000f3fe60806040526004361061008a5760003560e01c8063715018a611610059578063715018a6146101655780637362377b1461017c5780638da5cb5b14610193578063efafb22e146101be578063f2fde38b146101e757610091565b8063013cf08b146100935780630d61b519146100d4578063400e3949146100fd5780635a43dc001461012857610091565b3661009157005b005b34801561009f57600080fd5b506100ba60048036038101906100b59190610ef2565b610210565b6040516100cb959493929190610f49565b60405180910390f35b3480156100e057600080fd5b506100fb60048036038101906100f69190610ef2565b610253565b005b34801561010957600080fd5b506101126105c8565b60405161011f9190610f9c565b60405180910390f35b34801561013457600080fd5b5061014f600480360381019061014a9190610ef2565b6105ce565b60405161015c9190610f9c565b60405180910390f35b34801561017157600080fd5b5061017a61080d565b005b34801561018857600080fd5b50610191610821565b005b34801561019f57600080fd5b506101a86108c2565b6040516101b59190610ff8565b60405180910390f35b3480156101ca57600080fd5b506101e560048036038101906101e09190611038565b6108eb565b005b3480156101f357600080fd5b5061020e600480360381019061020991906110a4565b610ce9565b005b60016020528060005260406000206000915090508060000154908060010154908060020154908060030154908060040160009054906101000a900460ff16905085565b6000600460009054906101000a900473ffffffffffffffffffffffffffffffffffffffff1673ffffffffffffffffffffffffffffffffffffffff166370a08231336040518263ffffffff1660e01b81526004016102b09190610ff8565b60206040518083038186803b1580156102c857600080fd5b505afa1580156102dc573d6000803e3d6000fd5b505050506040513d601f19601f8201168201806040525081019061030091906110e6565b11610340576040517f08c379a000000000000000000000000000000000000000000000000000000000815260040161033790611170565b60405180910390fd5b80426001600083815260200190815260200160002060010154111561039a576040517f08c379a0000000000000000000000000000000000000000000000000000000008152600401610391906111dc565b60405180910390fd5b600015156001600083815260200190815260200160002060040160009054906101000a900460ff16151514610404576040517f08c379a00000000000000000000000000000000000000000000000000000000081526004016103fb90611248565b60405180910390fd5b60006001600084815260200190815260200160002090508060030154816002015411156105a6576000600360009054906101000a900473ffffffffffffffffffffffffffffffffffffffff1673ffffffffffffffffffffffffffffffffffffffff166398d5fdca6040518163ffffffff1660e01b815260040160206040518083038186803b15801561049557600080fd5b505afa1580156104a9573d6000803e3d6000fd5b505050506040513d601f19601f820116820180604052508101906104cd91906110e6565b905080471015610512576040517f08c379a0000000000000000000000000000000000000000000000000000000008152600401610509906112b4565b60405180910390fd5b600360009054906101000a900473ffffffffffffffffffffffffffffffffffffffff1673ffffffffffffffffffffffffffffffffffffffff1663efef39a18284600001546040518363ffffffff1660e01b81526004016105729190610f9c565b6000604051808303818588803b15801561058b57600080fd5b505af115801561059f573d6000803e3d6000fd5b5050505050505b60018160040160006101000a81548160ff021916908315150217905550505050565b60025481565b600080600460009054906101000a900473ffffffffffffffffffffffffffffffffffffffff1673ffffffffffffffffffffffffffffffffffffffff166370a08231336040518263ffffffff1660e01b815260040161062c9190610ff8565b60206040518083038186803b15801561064457600080fd5b505afa158015610658573d6000803e3d6000fd5b505050506040513d601f19601f8201168201806040525081019061067c91906110e6565b116106bc576040517f08c379a00000000000000000000000000000000000000000000000000000000081526004016106b390611170565b60405180910390fd5b600360009054906101000a900473ffffffffffffffffffffffffffffffffffffffff1673ffffffffffffffffffffffffffffffffffffffff166396e494e8836040518263ffffffff1660e01b81526004016107179190610f9c565b60206040518083038186803b15801561072f57600080fd5b505afa158015610743573d6000803e3d6000fd5b505050506040513d601f19601f820116820180604052508101906107679190611300565b6107a6576040517f08c379a000000000000000000000000000000000000000000000000000000000815260040161079d90611379565b60405180910390fd5b6000600160006002548152602001908152602001600020905082816000018190555061012c426107d691906113c8565b8160010181905550600260008154809291906107f19061141e565b919050555060016002546108059190611467565b915050919050565b610815610d6d565b61081f6000610deb565b565b610829610d6d565b600047905060008111610871576040517f08c379a00000000000000000000000000000000000000000000000000000000081526004016108689061150d565b60405180910390fd5b6108796108c2565b73ffffffffffffffffffffffffffffffffffffffff166108fc829081150290604051600060405180830381858888f193505050501580156108be573d6000803e3d6000fd5b5050565b60008060009054906101000a900473ffffffffffffffffffffffffffffffffffffffff16905090565b6000600460009054906101000a900473ffffffffffffffffffffffffffffffffffffffff1673ffffffffffffffffffffffffffffffffffffffff166370a08231336040518263ffffffff1660e01b81526004016109489190610ff8565b60206040518083038186803b15801561096057600080fd5b505afa158015610974573d6000803e3d6000fd5b505050506040513d601f19601f8201168201806040525081019061099891906110e6565b116109d8576040517f08c379a00000000000000000000000000000000000000000000000000000000081526004016109cf90611170565b60405180910390fd5b8142600160008381526020019081526020016000206001015411610a31576040517f08c379a0000000000000000000000000000000000000000000000000000000008152600401610a2890611579565b60405180910390fd5b60006001600085815260200190815260200160002090506000600460009054906101000a900473ffffffffffffffffffffffffffffffffffffffff1673ffffffffffffffffffffffffffffffffffffffff166370a08231336040518263ffffffff1660e01b8152600401610aa59190610ff8565b60206040518083038186803b158015610abd57600080fd5b505afa158015610ad1573d6000803e3d6000fd5b505050506040513d601f19601f82011682018060405250810190610af591906110e6565b90506000805b82811015610c34576000600460009054906101000a900473ffffffffffffffffffffffffffffffffffffffff1673ffffffffffffffffffffffffffffffffffffffff16632f745c5933846040518363ffffffff1660e01b8152600401610b62929190611599565b60206040518083038186803b158015610b7a57600080fd5b505afa158015610b8e573d6000803e3d6000fd5b505050506040513d601f19601f82011682018060405250810190610bb291906110e6565b90506000151585600501600083815260200190815260200160002060009054906101000a900460ff1615151415610c20578280610bee9061141e565b935050600185600501600083815260200190815260200160002060006101000a81548160ff0219169083151502179055505b508080610c2c9061141e565b915050610afb565b5060008111610c78576040517f08c379a0000000000000000000000000000000000000000000000000000000008152600401610c6f9061160e565b60405180910390fd5b60006001811115610c8c57610c8b61162e565b5b856001811115610c9f57610c9e61162e565b5b1415610cc55780836002016000828254610cb991906113c8565b92505081905550610ce1565b80836003016000828254610cd991906113c8565b925050819055505b505050505050565b610cf1610d6d565b600073ffffffffffffffffffffffffffffffffffffffff168173ffffffffffffffffffffffffffffffffffffffff161415610d61576040517f08c379a0000000000000000000000000000000000000000000000000000000008152600401610d58906116cf565b60405180910390fd5b610d6a81610deb565b50565b610d75610eaf565b73ffffffffffffffffffffffffffffffffffffffff16610d936108c2565b73ffffffffffffffffffffffffffffffffffffffff1614610de9576040517f08c379a0000000000000000000000000000000000000000000000000000000008152600401610de09061173b565b60405180910390fd5b565b60008060009054906101000a900473ffffffffffffffffffffffffffffffffffffffff169050816000806101000a81548173ffffffffffffffffffffffffffffffffffffffff021916908373ffffffffffffffffffffffffffffffffffffffff1602179055508173ffffffffffffffffffffffffffffffffffffffff168173ffffffffffffffffffffffffffffffffffffffff167f8be0079c531659141344cd1fd0a4f28419497f9722a3daafe3b4186f6b6457e060405160405180910390a35050565b600033905090565b600080fd5b6000819050919050565b610ecf81610ebc565b8114610eda57600080fd5b50565b600081359050610eec81610ec6565b92915050565b600060208284031215610f0857610f07610eb7565b5b6000610f1684828501610edd565b91505092915050565b610f2881610ebc565b82525050565b60008115159050919050565b610f4381610f2e565b82525050565b600060a082019050610f5e6000830188610f1f565b610f6b6020830187610f1f565b610f786040830186610f1f565b610f856060830185610f1f565b610f926080830184610f3a565b9695505050505050565b6000602082019050610fb16000830184610f1f565b92915050565b600073ffffffffffffffffffffffffffffffffffffffff82169050919050565b6000610fe282610fb7565b9050919050565b610ff281610fd7565b82525050565b600060208201905061100d6000830184610fe9565b92915050565b6002811061102057600080fd5b50565b60008135905061103281611013565b92915050565b6000806040838503121561104f5761104e610eb7565b5b600061105d85828601610edd565b925050602061106e85828601611023565b9150509250929050565b61108181610fd7565b811461108c57600080fd5b50565b60008135905061109e81611078565b92915050565b6000602082840312156110ba576110b9610eb7565b5b60006110c88482850161108f565b91505092915050565b6000815190506110e081610ec6565b92915050565b6000602082840312156110fc576110fb610eb7565b5b600061110a848285016110d1565b91505092915050565b600082825260208201905092915050565b7f4e'... 3412 more characters,
    accessList: null
  }
}

C:\suv\lw3.io_dao\dao-tutorial\backend>npx hardhat compile
ParserError: Multiple SPDX license identifiers found in source file. Use "AND" or "OR" to combine multiple licenses. Please see https://spdx.org for more information.
--> contracts/CryptoDevsDAO.sol


Error HH600: Compilation failed

For more info go to https://hardhat.org/HH600 or run Hardhat with --show-stack-traces

C:\suv\lw3.io_dao\dao-tutorial\backend>npx hardhat compile
ParserError: Multiple SPDX license identifiers found in source file. Use "AND" or "OR" to combine multiple licenses. Please see https://spdx.org for more information.
--> contracts/CryptoDevsDAO.sol


Error HH600: Compilation failed

For more info go to https://hardhat.org/HH600 or run Hardhat with --show-stack-traces

C:\suv\lw3.io_dao\dao-tutorial\backend>npx hardhat compile
ParserError: Multiple SPDX license identifiers found in source file. Use "AND" or "OR" to combine multiple licenses. Please see https://spdx.org for more information.
--> contracts/CryptoDevsDAO.sol


Error HH600: Compilation failed

For more info go to https://hardhat.org/HH600 or run Hardhat with --show-stack-traces

C:\suv\lw3.io_dao\dao-tutorial\backend>npx hardhat compile
ParserError: Multiple SPDX license identifiers found in source file. Use "AND" or "OR" to combine multiple licenses. Please see https://spdx.org for more information.
--> contracts/CryptoDevsDAO.sol


Error HH600: Compilation failed

For more info go to https://hardhat.org/HH600 or run Hardhat with --show-stack-traces

C:\suv\lw3.io_dao\dao-tutorial\backend>npx hardhat compile
ParserError: Multiple SPDX license identifiers found in source file. Use "AND" or "OR" to combine multiple licenses. Please see https://spdx.org for more information.
--> contracts/CryptoDevsDAO.sol


Error HH600: Compilation failed

For more info go to https://hardhat.org/HH600 or run Hardhat with --show-stack-traces

C:\suv\lw3.io_dao\dao-tutorial\backend>npx hardhat compile
Compiled 1 Solidity file successfully

C:\suv\lw3.io_dao\dao-tutorial\backend>npx hardhat run scripts/deploy.js
FakeNFTMarketplace deployed to:  0xcCEB3f16527A4F85C0C1F77EF4daB3b339C8ae22
Error: insufficient funds for intrinsic transaction cost [ See: https://links.ethers.org/v5-errors-INSUFFICIENT_FUNDS ] (error={"name":"ProviderError","_stack":"ProviderError: HttpProviderError\n    at HttpProvider.request (C:\\suv\\lw3.io_dao\\dao-tutorial\\backend\\node_modules\\hardhat\\src\\internal\\core\\providers\\http.ts:83:19)\n    at LocalAccountsProvider.request (C:\\suv\\lw3.io_dao\\dao-tutorial\\backend\\node_modules\\hardhat\\src\\internal\\core\\providers\\accounts.ts:187:34)\n    at processTicksAndRejections (node:internal/process/task_queues:96:5)\n    at EthersProviderWrapper.send (C:\\suv\\lw3.io_dao\\dao-tutorial\\backend\\node_modules\\@nomiclabs\\hardhat-ethers\\src\\internal\\ethers-provider-wrapper.ts:13:20)","code":-32000,"_isProviderError":true}, method="estimateGas", transaction={"from":"0x4d7b649A6D32ae1C17A77504F44F8F0a71B7FE92","value":{"type":"BigNumber","hex":"0x0de0b6b3a7640000"},"data":"0x6080604052604051620019f1380380620019f1833981810160405281019062000029919062000209565b620000496200003d620000d360201b60201c565b620000db60201b60201c565b81600360006101000a81548173ffffffffffffffffffffffffffffffffffffffff021916908373ffffffffffffffffffffffffffffffffffffffff16021790555080600460006101000a81548173ffffffffffffffffffffffffffffffffffffffff021916908373ffffffffffffffffffffffffffffffffffffffff160217905550505062000250565b600033905090565b60008060009054906101000a900473ffffffffffffffffffffffffffffffffffffffff169050816000806101000a81548173ffffffffffffffffffffffffffffffffffffffff021916908373ffffffffffffffffffffffffffffffffffffffff1602179055508173ffffffffffffffffffffffffffffffffffffffff168173ffffffffffffffffffffffffffffffffffffffff167f8be0079c531659141344cd1fd0a4f28419497f9722a3daafe3b4186f6b6457e060405160405180910390a35050565b600080fd5b600073ffffffffffffffffffffffffffffffffffffffff82169050919050565b6000620001d182620001a4565b9050919050565b620001e381620001c4565b8114620001ef57600080fd5b50565b6000815190506200020381620001d8565b92915050565b600080604083850312156200022357620002226200019f565b5b60006200023385828601620001f2565b92505060206200024685828601620001f2565b9150509250929050565b61179180620002606000396000f3fe60806040526004361061008a5760003560e01c8063715018a611610059578063715018a6146101655780637362377b1461017c5780638da5cb5b14610193578063efafb22e146101be578063f2fde38b146101e757610091565b8063013cf08b146100935780630d61b519146100d4578063400e3949146100fd5780635a43dc001461012857610091565b3661009157005b005b34801561009f57600080fd5b506100ba60048036038101906100b59190610ef2565b610210565b6040516100cb959493929190610f49565b60405180910390f35b3480156100e057600080fd5b506100fb60048036038101906100f69190610ef2565b610253565b005b34801561010957600080fd5b506101126105c8565b60405161011f9190610f9c565b60405180910390f35b34801561013457600080fd5b5061014f600480360381019061014a9190610ef2565b6105ce565b60405161015c9190610f9c565b60405180910390f35b34801561017157600080fd5b5061017a61080d565b005b34801561018857600080fd5b50610191610821565b005b34801561019f57600080fd5b506101a86108c2565b6040516101b59190610ff8565b60405180910390f35b3480156101ca57600080fd5b506101e560048036038101906101e09190611038565b6108eb565b005b3480156101f357600080fd5b5061020e600480360381019061020991906110a4565b610ce9565b005b60016020528060005260406000206000915090508060000154908060010154908060020154908060030154908060040160009054906101000a900460ff16905085565b6000600460009054906101000a900473ffffffffffffffffffffffffffffffffffffffff1673ffffffffffffffffffffffffffffffffffffffff166370a08231336040518263ffffffff1660e01b81526004016102b09190610ff8565b60206040518083038186803b1580156102c857600080fd5b505afa1580156102dc573d6000803e3d6000fd5b505050506040513d601f19601f8201168201806040525081019061030091906110e6565b11610340576040517f08c379a000000000000000000000000000000000000000000000000000000000815260040161033790611170565b60405180910390fd5b80426001600083815260200190815260200160002060010154111561039a576040517f08c379a0000000000000000000000000000000000000000000000000000000008152600401610391906111dc565b60405180910390fd5b600015156001600083815260200190815260200160002060040160009054906101000a900460ff16151514610404576040517f08c379a00000000000000000000000000000000000000000000000000000000081526004016103fb90611248565b60405180910390fd5b60006001600084815260200190815260200160002090508060030154816002015411156105a6576000600360009054906101000a900473ffffffffffffffffffffffffffffffffffffffff1673ffffffffffffffffffffffffffffffffffffffff166398d5fdca6040518163ffffffff1660e01b815260040160206040518083038186803b15801561049557600080fd5b505afa1580156104a9573d6000803e3d6000fd5b505050506040513d601f19601f820116820180604052508101906104cd91906110e6565b905080471015610512576040517f08c379a0000000000000000000000000000000000000000000000000000000008152600401610509906112b4565b60405180910390fd5b600360009054906101000a900473ffffffffffffffffffffffffffffffffffffffff1673ffffffffffffffffffffffffffffffffffffffff1663efef39a18284600001546040518363ffffffff1660e01b81526004016105729190610f9c565b6000604051808303818588803b15801561058b57600080fd5b505af115801561059f573d6000803e3d6000fd5b5050505050505b60018160040160006101000a81548160ff021916908315150217905550505050565b60025481565b600080600460009054906101000a900473ffffffffffffffffffffffffffffffffffffffff1673ffffffffffffffffffffffffffffffffffffffff166370a08231336040518263ffffffff1660e01b815260040161062c9190610ff8565b60206040518083038186803b15801561064457600080fd5b505afa158015610658573d6000803e3d6000fd5b505050506040513d601f19601f8201168201806040525081019061067c91906110e6565b116106bc576040517f08c379a00000000000000000000000000000000000000000000000000000000081526004016106b390611170565b60405180910390fd5b600360009054906101000a900473ffffffffffffffffffffffffffffffffffffffff1673ffffffffffffffffffffffffffffffffffffffff166396e494e8836040518263ffffffff1660e01b81526004016107179190610f9c565b60206040518083038186803b15801561072f57600080fd5b505afa158015610743573d6000803e3d6000fd5b505050506040513d601f19601f820116820180604052508101906107679190611300565b6107a6576040517f08c379a000000000000000000000000000000000000000000000000000000000815260040161079d90611379565b60405180910390fd5b6000600160006002548152602001908152602001600020905082816000018190555061012c426107d691906113c8565b8160010181905550600260008154809291906107f19061141e565b919050555060016002546108059190611467565b915050919050565b610815610d6d565b61081f6000610deb565b565b610829610d6d565b600047905060008111610871576040517f08c379a00000000000000000000000000000000000000000000000000000000081526004016108689061150d565b60405180910390fd5b6108796108c2565b73ffffffffffffffffffffffffffffffffffffffff166108fc829081150290604051600060405180830381858888f193505050501580156108be573d6000803e3d6000fd5b5050565b60008060009054906101000a900473ffffffffffffffffffffffffffffffffffffffff16905090565b6000600460009054906101000a900473ffffffffffffffffffffffffffffffffffffffff1673ffffffffffffffffffffffffffffffffffffffff166370a08231336040518263ffffffff1660e01b81526004016109489190610ff8565b60206040518083038186803b15801561096057600080fd5b505afa158015610974573d6000803e3d6000fd5b505050506040513d601f19601f8201168201806040525081019061099891906110e6565b116109d8576040517f08c379a00000000000000000000000000000000000000000000000000000000081526004016109cf90611170565b60405180910390fd5b8142600160008381526020019081526020016000206001015411610a31576040517f08c379a0000000000000000000000000000000000000000000000000000000008152600401610a2890611579565b60405180910390fd5b60006001600085815260200190815260200160002090506000600460009054906101000a900473ffffffffffffffffffffffffffffffffffffffff1673ffffffffffffffffffffffffffffffffffffffff166370a08231336040518263ffffffff1660e01b8152600401610aa59190610ff8565b60206040518083038186803b158015610abd57600080fd5b505afa158015610ad1573d6000803e3d6000fd5b505050506040513d601f19601f82011682018060405250810190610af591906110e6565b90506000805b82811015610c34576000600460009054906101000a900473ffffffffffffffffffffffffffffffffffffffff1673ffffffffffffffffffffffffffffffffffffffff16632f745c5933846040518363ffffffff1660e01b8152600401610b62929190611599565b60206040518083038186803b158015610b7a57600080fd5b505afa158015610b8e573d6000803e3d6000fd5b505050506040513d601f19601f82011682018060405250810190610bb291906110e6565b90506000151585600501600083815260200190815260200160002060009054906101000a900460ff1615151415610c20578280610bee9061141e565b935050600185600501600083815260200190815260200160002060006101000a81548160ff0219169083151502179055505b508080610c2c9061141e565b915050610afb565b5060008111610c78576040517f08c379a0000000000000000000000000000000000000000000000000000000008152600401610c6f9061160e565b60405180910390fd5b60006001811115610c8c57610c8b61162e565b5b856001811115610c9f57610c9e61162e565b5b1415610cc55780836002016000828254610cb991906113c8565b92505081905550610ce1565b80836003016000828254610cd991906113c8565b925050819055505b505050505050565b610cf1610d6d565b600073ffffffffffffffffffffffffffffffffffffffff168173ffffffffffffffffffffffffffffffffffffffff161415610d61576040517f08c379a0000000000000000000000000000000000000000000000000000000008152600401610d58906116cf565b60405180910390fd5b610d6a81610deb565b50565b610d75610eaf565b73ffffffffffffffffffffffffffffffffffffffff16610d936108c2565b73ffffffffffffffffffffffffffffffffffffffff1614610de9576040517f08c379a0000000000000000000000000000000000000000000000000000000008152600401610de09061173b565b60405180910390fd5b565b60008060009054906101000a900473ffffffffffffffffffffffffffffffffffffffff169050816000806101000a81548173ffffffffffffffffffffffffffffffffffffffff021916908373ffffffffffffffffffffffffffffffffffffffff1602179055508173ffffffffffffffffffffffffffffffffffffffff168173ffffffffffffffffffffffffffffffffffffffff167f8be0079c531659141344cd1fd0a4f28419497f9722a3daafe3b4186f6b6457e060405160405180910390a35050565b600033905090565b600080fd5b6000819050919050565b610ecf81610ebc565b8114610eda57600080fd5b50565b600081359050610eec81610ec6565b92915050565b600060208284031215610f0857610f07610eb7565b5b6000610f1684828501610edd565b91505092915050565b610f2881610ebc565b82525050565b60008115159050919050565b610f4381610f2e565b82525050565b600060a082019050610f5e6000830188610f1f565b610f6b6020830187610f1f565b610f786040830186610f1f565b610f856060830185610f1f565b610f926080830184610f3a565b9695505050505050565b6000602082019050610fb16000830184610f1f565b92915050565b600073ffffffffffffffffffffffffffffffffffffffff82169050919050565b6000610fe282610fb7565b9050919050565b610ff281610fd7565b82525050565b600060208201905061100d6000830184610fe9565b92915050565b6002811061102057600080fd5b50565b60008135905061103281611013565b92915050565b6000806040838503121561104f5761104e610eb7565b5b600061105d85828601610edd565b925050602061106e85828601611023565b9150509250929050565b61108181610fd7565b811461108c57600080fd5b50565b60008135905061109e81611078565b92915050565b6000602082840312156110ba576110b9610eb7565b5b60006110c88482850161108f565b91505092915050565b6000815190506110e081610ec6565b92915050565b6000602082840312156110fc576110fb610eb7565b5b600061110a848285016110d1565b91505092915050565b600082825260208201905092915050565b7f4e4f545f415f44414f5f4d454d42455200000000000000000000000000000000600082015250565b600061115a601083611113565b915061116582611124565b602082019050919050565b600060208201905081810360008301526111898161114d565b9050919050565b7f444541444c494e455f4e4f545f45584345454445440000000000000000000000600082015250565b60006111c6601583611113565b91506111d182611190565b602082019050919050565b600060208201905081810360008301526111f5816111b9565b9050919050565b7f50524f504f53414c5f414c52454144595f455845435554454400000000000000600082015250565b6000611232601983611113565b915061123d826111fc565b602082019050919050565b6000602082019050818103600083015261126181611225565b9050919050565b7f4e4f545f454e4f5547485f46554e445300000000000000000000000000000000600082015250565b600061129e601083611113565b91506112a982611268565b602082019050919050565b600060208201905081810360008301526112cd81611291565b9050919050565b6112dd81610f2e565b81146112e857600080fd5b50565b6000815190506112fa816112d4565b92915050565b60006020828403121561131657611315610eb7565b5b6000611324848285016112eb565b91505092915050565b7f4e46545f4e4f545f464f525f53414c4500000000000000000000000000000000600082015250565b6000611363601083611113565b915061136e8261132d565b602082019050919050565b6000602082019050818103600083015261139281611356565b9050919050565b7f4e487b7100000000000000000000000000000000000000000000000000000000600052601160045260246000fd5b60006113d382610ebc565b91506113de83610ebc565b9250827fffffffffffffffffffffffffffffffffffffffffffffffffffffffffffffffff0382111561141357611412611399565b5b828201905092915050565b600061142982610ebc565b91507fffffffffffffffffffffffffffffffffffffffffffffffffffffffffffffffff82141561145c5761145b611399565b5b600182019050919050565b600061147282610ebc565b915061147d83610ebc565b9250828210156114905761148f611399565b5b828203905092915050565b7f4e6f7468696e6720746f2077697468647261773b20636f6e747261637420626160008201527f6c616e636520656d707479000000000000000000000000000000000000000000602082015250565b60006114f7602b83611113565b91506115028261149b565b604082019050919050565b60006020820190508181036000830152611526816114ea565b9050919050565b7f444541444c494e455f4558434545444544000000000000000000000000000000600082015250565b6000611563601183611113565b915061156e8261152d565b602082019050919050565b6000602082019050818103600083015261159281611556565b9050919050565b60006040820190506115ae6000830185610fe9565b6115bb6020830184610f1f565b9392505050565b7f414c52454144595f564f54454400000000000000000000000000000000000000600082015250565b60006115f8600d83611113565b9150611603826115c2565b602082019050919050565b60006020820190508181036000830152611627816115eb565b9050919050565b7f4e487b7100000000000000000000000000000000000000000000000000000000600052602160045260246000fd5b7f4f776e61626c653a206e6577206f776e657220697320746865207a65726f206160008201527f6464726573730000000000000000000000000000000000000000000000000000602082015250565b60006116b9602683611113565b91506116c48261165d565b604082019050919050565b600060208201905081810360008301526116e8816116ac565b9050919050565b7f4f776e61626c653a2063616c6c6572206973206e6f7420746865206f776e6572600082015250565b6000611725602083611113565b9150611730826116ef565b602082019050919050565b6000602082019050818103600083015261175481611718565b905091905056fea26469706673582212209b267e70cf38c54c8c932629c01cd78a280ececca7fbe1b7791132923e5b4b5864736f6c63430008090033000000000000000000000000cceb3f16527a4f85c0c1f77ef4dab3b339c8ae220000000000000000000000004ae2a6da43907593859a9fe62ce3c71a7189ad6a","accessList":null}, code=INSUFFICIENT_FUNDS, version=providers/5.7.2)
    at Logger.makeError (C:\suv\lw3.io_dao\dao-tutorial\backend\node_modules\@ethersproject\logger\src.ts\index.ts:269:28)
    at Logger.throwError (C:\suv\lw3.io_dao\dao-tutorial\backend\node_modules\@ethersproject\logger\src.ts\index.ts:281:20)
    at checkError (C:\suv\lw3.io_dao\dao-tutorial\backend\node_modules\@ethersproject\providers\src.ts\json-rpc-provider.ts:98:16)
    at EthersProviderWrapper.<anonymous> (C:\suv\lw3.io_dao\dao-tutorial\backend\node_modules\@ethersproject\providers\src.ts\json-rpc-provider.ts:642:20)
    at step (C:\suv\lw3.io_dao\dao-tutorial\backend\node_modules\@ethersproject\providers\lib\json-rpc-provider.js:48:23)
    at Object.throw (C:\suv\lw3.io_dao\dao-tutorial\backend\node_modules\@ethersproject\providers\lib\json-rpc-provider.js:29:53)
    at rejected (C:\suv\lw3.io_dao\dao-tutorial\backend\node_modules\@ethersproject\providers\lib\json-rpc-provider.js:21:65)
    at processTicksAndRejections (node:internal/process/task_queues:96:5) {
  reason: 'insufficient funds for intrinsic transaction cost',
  code: 'INSUFFICIENT_FUNDS',
  error: ProviderError: HttpProviderError
      at HttpProvider.request (C:\suv\lw3.io_dao\dao-tutorial\backend\node_modules\hardhat\src\internal\core\providers\http.ts:83:19)
      at LocalAccountsProvider.request (C:\suv\lw3.io_dao\dao-tutorial\backend\node_modules\hardhat\src\internal\core\providers\accounts.ts:187:34)
      at processTicksAndRejections (node:internal/process/task_queues:96:5)
      at EthersProviderWrapper.send (C:\suv\lw3.io_dao\dao-tutorial\backend\node_modules\@nomiclabs\hardhat-ethers\src\internal\ethers-provider-wrapper.ts:13:20),
  method: 'estimateGas',
  transaction: {
    from: '0x4d7b649A6D32ae1C17A77504F44F8F0a71B7FE92',
    value: BigNumber { value: "1000000000000000000" },
    data: '0x6080604052604051620019f1380380620019f1833981810160405281019062000029919062000209565b620000496200003d620000d360201b60201c565b620000db60201b60201c565b81600360006101000a81548173ffffffffffffffffffffffffffffffffffffffff021916908373ffffffffffffffffffffffffffffffffffffffff16021790555080600460006101000a81548173ffffffffffffffffffffffffffffffffffffffff021916908373ffffffffffffffffffffffffffffffffffffffff160217905550505062000250565b600033905090565b60008060009054906101000a900473ffffffffffffffffffffffffffffffffffffffff169050816000806101000a81548173ffffffffffffffffffffffffffffffffffffffff021916908373ffffffffffffffffffffffffffffffffffffffff1602179055508173ffffffffffffffffffffffffffffffffffffffff168173ffffffffffffffffffffffffffffffffffffffff167f8be0079c531659141344cd1fd0a4f28419497f9722a3daafe3b4186f6b6457e060405160405180910390a35050565b600080fd5b600073ffffffffffffffffffffffffffffffffffffffff82169050919050565b6000620001d182620001a4565b9050919050565b620001e381620001c4565b8114620001ef57600080fd5b50565b6000815190506200020381620001d8565b92915050565b600080604083850312156200022357620002226200019f565b5b60006200023385828601620001f2565b92505060206200024685828601620001f2565b9150509250929050565b61179180620002606000396000f3fe60806040526004361061008a5760003560e01c8063715018a611610059578063715018a6146101655780637362377b1461017c5780638da5cb5b14610193578063efafb22e146101be578063f2fde38b146101e757610091565b8063013cf08b146100935780630d61b519146100d4578063400e3949146100fd5780635a43dc001461012857610091565b3661009157005b005b34801561009f57600080fd5b506100ba60048036038101906100b59190610ef2565b610210565b6040516100cb959493929190610f49565b60405180910390f35b3480156100e057600080fd5b506100fb60048036038101906100f69190610ef2565b610253565b005b34801561010957600080fd5b506101126105c8565b60405161011f9190610f9c565b60405180910390f35b34801561013457600080fd5b5061014f600480360381019061014a9190610ef2565b6105ce565b60405161015c9190610f9c565b60405180910390f35b34801561017157600080fd5b5061017a61080d565b005b34801561018857600080fd5b50610191610821565b005b34801561019f57600080fd5b506101a86108c2565b6040516101b59190610ff8565b60405180910390f35b3480156101ca57600080fd5b506101e560048036038101906101e09190611038565b6108eb565b005b3480156101f357600080fd5b5061020e600480360381019061020991906110a4565b610ce9565b005b60016020528060005260406000206000915090508060000154908060010154908060020154908060030154908060040160009054906101000a900460ff16905085565b6000600460009054906101000a900473ffffffffffffffffffffffffffffffffffffffff1673ffffffffffffffffffffffffffffffffffffffff166370a08231336040518263ffffffff1660e01b81526004016102b09190610ff8565b60206040518083038186803b1580156102c857600080fd5b505afa1580156102dc573d6000803e3d6000fd5b505050506040513d601f19601f8201168201806040525081019061030091906110e6565b11610340576040517f08c379a000000000000000000000000000000000000000000000000000000000815260040161033790611170565b60405180910390fd5b80426001600083815260200190815260200160002060010154111561039a576040517f08c379a0000000000000000000000000000000000000000000000000000000008152600401610391906111dc565b60405180910390fd5b600015156001600083815260200190815260200160002060040160009054906101000a900460ff16151514610404576040517f08c379a00000000000000000000000000000000000000000000000000000000081526004016103fb90611248565b60405180910390fd5b60006001600084815260200190815260200160002090508060030154816002015411156105a6576000600360009054906101000a900473ffffffffffffffffffffffffffffffffffffffff1673ffffffffffffffffffffffffffffffffffffffff166398d5fdca6040518163ffffffff1660e01b815260040160206040518083038186803b15801561049557600080fd5b505afa1580156104a9573d6000803e3d6000fd5b505050506040513d601f19601f820116820180604052508101906104cd91906110e6565b905080471015610512576040517f08c379a0000000000000000000000000000000000000000000000000000000008152600401610509906112b4565b60405180910390fd5b600360009054906101000a900473ffffffffffffffffffffffffffffffffffffffff1673ffffffffffffffffffffffffffffffffffffffff1663efef39a18284600001546040518363ffffffff1660e01b81526004016105729190610f9c565b6000604051808303818588803b15801561058b57600080fd5b505af115801561059f573d6000803e3d6000fd5b5050505050505b60018160040160006101000a81548160ff021916908315150217905550505050565b60025481565b600080600460009054906101000a900473ffffffffffffffffffffffffffffffffffffffff1673ffffffffffffffffffffffffffffffffffffffff166370a08231336040518263ffffffff1660e01b815260040161062c9190610ff8565b60206040518083038186803b15801561064457600080fd5b505afa158015610658573d6000803e3d6000fd5b505050506040513d601f19601f8201168201806040525081019061067c91906110e6565b116106bc576040517f08c379a00000000000000000000000000000000000000000000000000000000081526004016106b390611170565b60405180910390fd5b600360009054906101000a900473ffffffffffffffffffffffffffffffffffffffff1673ffffffffffffffffffffffffffffffffffffffff166396e494e8836040518263ffffffff1660e01b81526004016107179190610f9c565b60206040518083038186803b15801561072f57600080fd5b505afa158015610743573d6000803e3d6000fd5b505050506040513d601f19601f820116820180604052508101906107679190611300565b6107a6576040517f08c379a000000000000000000000000000000000000000000000000000000000815260040161079d90611379565b60405180910390fd5b6000600160006002548152602001908152602001600020905082816000018190555061012c426107d691906113c8565b8160010181905550600260008154809291906107f19061141e565b919050555060016002546108059190611467565b915050919050565b610815610d6d565b61081f6000610deb565b565b610829610d6d565b600047905060008111610871576040517f08c379a00000000000000000000000000000000000000000000000000000000081526004016108689061150d565b60405180910390fd5b6108796108c2565b73ffffffffffffffffffffffffffffffffffffffff166108fc829081150290604051600060405180830381858888f193505050501580156108be573d6000803e3d6000fd5b5050565b60008060009054906101000a900473ffffffffffffffffffffffffffffffffffffffff16905090565b6000600460009054906101000a900473ffffffffffffffffffffffffffffffffffffffff1673ffffffffffffffffffffffffffffffffffffffff166370a08231336040518263ffffffff1660e01b81526004016109489190610ff8565b60206040518083038186803b15801561096057600080fd5b505afa158015610974573d6000803e3d6000fd5b505050506040513d601f19601f8201168201806040525081019061099891906110e6565b116109d8576040517f08c379a00000000000000000000000000000000000000000000000000000000081526004016109cf90611170565b60405180910390fd5b8142600160008381526020019081526020016000206001015411610a31576040517f08c379a0000000000000000000000000000000000000000000000000000000008152600401610a2890611579565b60405180910390fd5b60006001600085815260200190815260200160002090506000600460009054906101000a900473ffffffffffffffffffffffffffffffffffffffff1673ffffffffffffffffffffffffffffffffffffffff166370a08231336040518263ffffffff1660e01b8152600401610aa59190610ff8565b60206040518083038186803b158015610abd57600080fd5b505afa158015610ad1573d6000803e3d6000fd5b505050506040513d601f19601f82011682018060405250810190610af591906110e6565b90506000805b82811015610c34576000600460009054906101000a900473ffffffffffffffffffffffffffffffffffffffff1673ffffffffffffffffffffffffffffffffffffffff16632f745c5933846040518363ffffffff1660e01b8152600401610b62929190611599565b60206040518083038186803b158015610b7a57600080fd5b505afa158015610b8e573d6000803e3d6000fd5b505050506040513d601f19601f82011682018060405250810190610bb291906110e6565b90506000151585600501600083815260200190815260200160002060009054906101000a900460ff1615151415610c20578280610bee9061141e565b935050600185600501600083815260200190815260200160002060006101000a81548160ff0219169083151502179055505b508080610c2c9061141e565b915050610afb565b5060008111610c78576040517f08c379a0000000000000000000000000000000000000000000000000000000008152600401610c6f9061160e565b60405180910390fd5b60006001811115610c8c57610c8b61162e565b5b856001811115610c9f57610c9e61162e565b5b1415610cc55780836002016000828254610cb991906113c8565b92505081905550610ce1565b80836003016000828254610cd991906113c8565b925050819055505b505050505050565b610cf1610d6d565b600073ffffffffffffffffffffffffffffffffffffffff168173ffffffffffffffffffffffffffffffffffffffff161415610d61576040517f08c379a0000000000000000000000000000000000000000000000000000000008152600401610d58906116cf565b60405180910390fd5b610d6a81610deb565b50565b610d75610eaf565b73ffffffffffffffffffffffffffffffffffffffff16610d936108c2565b73ffffffffffffffffffffffffffffffffffffffff1614610de9576040517f08c379a0000000000000000000000000000000000000000000000000000000008152600401610de09061173b565b60405180910390fd5b565b60008060009054906101000a900473ffffffffffffffffffffffffffffffffffffffff169050816000806101000a81548173ffffffffffffffffffffffffffffffffffffffff021916908373ffffffffffffffffffffffffffffffffffffffff1602179055508173ffffffffffffffffffffffffffffffffffffffff168173ffffffffffffffffffffffffffffffffffffffff167f8be0079c531659141344cd1fd0a4f28419497f9722a3daafe3b4186f6b6457e060405160405180910390a35050565b600033905090565b600080fd5b6000819050919050565b610ecf81610ebc565b8114610eda57600080fd5b50565b600081359050610eec81610ec6565b92915050565b600060208284031215610f0857610f07610eb7565b5b6000610f1684828501610edd565b91505092915050565b610f2881610ebc565b82525050565b60008115159050919050565b610f4381610f2e565b82525050565b600060a082019050610f5e6000830188610f1f565b610f6b6020830187610f1f565b610f786040830186610f1f565b610f856060830185610f1f565b610f926080830184610f3a565b9695505050505050565b6000602082019050610fb16000830184610f1f565b92915050565b600073ffffffffffffffffffffffffffffffffffffffff82169050919050565b6000610fe282610fb7565b9050919050565b610ff281610fd7565b82525050565b600060208201905061100d6000830184610fe9565b92915050565b6002811061102057600080fd5b50565b60008135905061103281611013565b92915050565b6000806040838503121561104f5761104e610eb7565b5b600061105d85828601610edd565b925050602061106e85828601611023565b9150509250929050565b61108181610fd7565b811461108c57600080fd5b50565b60008135905061109e81611078565b92915050565b6000602082840312156110ba576110b9610eb7565b5b60006110c88482850161108f565b91505092915050565b6000815190506110e081610ec6565b92915050565b6000602082840312156110fc576110fb610eb7565b5b600061110a848285016110d1565b91505092915050565b600082825260208201905092915050565b7f4e'... 3412 more characters,
    accessList: null
  }
}

C:\suv\lw3.io_dao\dao-tutorial\backend>npx hardhat run scripts/deploy.js



































FakeNFTMarketplace deployed to:  0xB19a129B618260e19df7A0963FbaACFdbb795651
CryptoDevsDAO deployed to:  0xdEE7F9EB2363050715aD46825aa391B18651Ca18




































C:\suv\lw3.io_dao\dao-tutorial\backend>





















































































PS C:\suv\lw3.io_dao\dao-tutorial> npm update
npm : File C:\Users\preda\AppData\Roaming\npm\npm.ps1 cannot be loaded because running scripts is disabled on this system. For more information, see about_Execution_Policies 
at https:/go.microsoft.com/fwlink/?LinkID=135170.
At line:1 char:1
+ npm update
+ ~~~
    + CategoryInfo          : SecurityError: (:) [], PSSecurityException
    + FullyQualifiedErrorId : UnauthorizedAccess
PS C:\suv\lw3.io_dao\dao-tutorial> 













































































































--------------------------------------------------------------------------------------------------------------------------------------------------------------------------------------------





Microsoft Windows [Version 10.0.22621.1105]
(c) Microsoft Corporation. All rights reserved.

C:\suv\lw3.io_dao>npx @startertemp/nextjs-hardhat DAO-Tutorial
Need to install the following packages:
  @startertemp/nextjs-hardhat@1.1.5
Ok to proceed? (y) y
npm WARN deprecated @json-rpc-tools/types@1.7.6: Package no longer supported. Contact Support at https://www.npmjs.com/support for more info.
npm WARN deprecated @json-rpc-tools/utils@1.7.6: Package no longer supported. Contact Support at https://www.npmjs.com/support for more info.
npm WARN deprecated safe-event-emitter@1.0.1: Renamed to @metamask/safe-event-emitter
npm WARN deprecated @json-rpc-tools/provider@1.7.6: Package no longer supported. Contact Support at https://www.npmjs.com/support for more info.
npm WARN deprecated @walletconnect/mobile-registry@1.4.0: Deprecated in favor of dynamic registry available from: https://github.com/walletconnect/walletconnect-registry
npm WARN deprecated @walletconnect/qrcode-modal@1.8.0: WalletConnect's v1 SDKs are now deprecated. Please upgrade to a v2 SDK. For details see: https://docs.walletconnect.com/
npm WARN deprecated @walletconnect/types@1.8.0: WalletConnect's v1 SDKs are now deprecated. Please upgrade to a v2 SDK. For details see: https://docs.walletconnect.com/
npm WARN deprecated @walletconnect/client@1.8.0: WalletConnect's v1 SDKs are now deprecated. Please upgrade to a v2 SDK. For details see: https://docs.walletconnect.com/
npm WARN deprecated @walletconnect/ethereum-provider@1.8.0: WalletConnect's v1 SDKs are now deprecated. Please upgrade to a v2 SDK. For details see: https://docs.walletconnect.com/
npm WARN deprecated eth-sig-util@1.4.2: Deprecated in favor of '@metamask/eth-sig-util'
Installing web3modal project
----- Downloading project template to dao-tutorial
Cloning into 'dao-tutorial'...
remote: Enumerating objects: 46, done.
remote: Counting objects: 100% (46/46), done.
remote: Compressing objects: 100% (37/37), done.
Receiving objects: 100% (46/46), 25.19 KiB | 1.57 MiB/s, done. eceiving objects:  89% (41/46)

Resolving deltas: 100% (3/3), done.
----- Detected Platform win32
----- Installing Web3Modal
----- Installing Frontend dependancies

added 121 packages, and audited 122 packages in 9s

36 packages are looking for funding
  run `npm fund` for details

found 0 vulnerabilities
----- Installing Backend dependancies
npm WARN deprecated request-promise-native@1.0.9: request-promise-native has been deprecated because it extends the now deprecated request package, see https://github.com/request/request/issues/3142
npm WARN deprecated har-validator@5.1.5: this library is no longer supported
npm WARN deprecated debug@3.2.6: Debug versions >=3.2.0 <3.2.7 || >=4 <4.3.1 have a low-severity ReDos regression when used in a Node.js environment. It is recommended you upgrade to 3.2.7 or 4.3.1. (https://github.com/visionmedia/debug/issues/797)
npm WARN deprecated debug@3.2.6: Debug versions >=3.2.0 <3.2.7 || >=4 <4.3.1 have a low-severity ReDos regression when used in a Node.js environment. It is recommended you upgrade to 3.2.7 or 4.3.1. (https://github.com/visionmedia/debug/issues/797)
npm WARN deprecated uuid@2.0.1: Please upgrade  to version 7 or higher.  Older versions may use Math.random() in certain circumstances, which is known to be problematic.  See https://v8.dev/blog/math-random for details.
npm WARN deprecated uuid@3.4.0: Please upgrade  to version 7 or higher.  Older versions may use Math.random() in certain circumstances, which is known to be problematic.  See https://v8.dev/blog/math-random for details.
npm WARN deprecated request@2.88.2: request has been deprecated, see https://github.com/request/request/issues/3142

added 704 packages, and audited 705 packages in 1m

121 packages are looking for funding
  run `npm fund` for details

8 vulnerabilities (5 high, 3 critical)

To address all issues (including breaking changes), run:
  npm audit fix --force

Run `npm audit` for details.
----- Clearing out Installation Directories
        1 file(s) moved.
----- Initialising Git
Initialized empty Git repository in C:/suv/lw3.io_dao/dao-tutorial/.git/
------ Successfully Installed All!
cd frontend && npm run dev
--<3- Made by Love with Startertemp and LearnWeb3DAO

C:\suv\lw3.io_dao>cd dao-tutorial

C:\suv\lw3.io_dao\dao-tutorial>code .

C:\suv\lw3.io_dao\dao-tutorial>npm update

up to date in 105ms

C:\suv\lw3.io_dao\dao-tutorial>cd backend

C:\suv\lw3.io_dao\dao-tutorial\backend>npx hardhat compile
Compiled 2 Solidity files successfully

C:\suv\lw3.io_dao\dao-tutorial\backend>npx hardhat compile
Compiled 3 Solidity files successfully

C:\suv\lw3.io_dao\dao-tutorial\backend>npx hardhat run scripts/deploy.js
FakeNFTMarketplace deployed to:  0x3b0a9381D2B49cE010E4ad1B94b5F5224C293110
Error: insufficient funds for intrinsic transaction cost [ See: https://links.ethers.org/v5-errors-INSUFFICIENT_FUNDS ] (error={"name":"ProviderError","_stack":"ProviderError: HttpProviderError\n    at HttpProvider.request (C:\\suv\\lw3.io_dao\\dao-tutorial\\backend\\node_modules\\hardhat\\src\\internal\\core\\providers\\http.ts:83:19)\n    at LocalAccountsProvider.request (C:\\suv\\lw3.io_dao\\dao-tutorial\\backend\\node_modules\\hardhat\\src\\internal\\core\\providers\\accounts.ts:187:34)\n    at processTicksAndRejections (node:internal/process/task_queues:96:5)\n    at EthersProviderWrapper.send (C:\\suv\\lw3.io_dao\\dao-tutorial\\backend\\node_modules\\@nomiclabs\\hardhat-ethers\\src\\internal\\ethers-provider-wrapper.ts:13:20)","code":-32000,"_isProviderError":true}, method="estimateGas", transaction={"from":"0x4d7b649A6D32ae1C17A77504F44F8F0a71B7FE92","value":{"type":"BigNumber","hex":"0x0de0b6b3a7640000"},"data":"0x6080604052604051620019f1380380620019f1833981810160405281019062000029919062000209565b620000496200003d620000d360201b60201c565b620000db60201b60201c565b81600360006101000a81548173ffffffffffffffffffffffffffffffffffffffff021916908373ffffffffffffffffffffffffffffffffffffffff16021790555080600460006101000a81548173ffffffffffffffffffffffffffffffffffffffff021916908373ffffffffffffffffffffffffffffffffffffffff160217905550505062000250565b600033905090565b60008060009054906101000a900473ffffffffffffffffffffffffffffffffffffffff169050816000806101000a81548173ffffffffffffffffffffffffffffffffffffffff021916908373ffffffffffffffffffffffffffffffffffffffff1602179055508173ffffffffffffffffffffffffffffffffffffffff168173ffffffffffffffffffffffffffffffffffffffff167f8be0079c531659141344cd1fd0a4f28419497f9722a3daafe3b4186f6b6457e060405160405180910390a35050565b600080fd5b600073ffffffffffffffffffffffffffffffffffffffff82169050919050565b6000620001d182620001a4565b9050919050565b620001e381620001c4565b8114620001ef57600080fd5b50565b6000815190506200020381620001d8565b92915050565b600080604083850312156200022357620002226200019f565b5b60006200023385828601620001f2565b92505060206200024685828601620001f2565b9150509250929050565b61179180620002606000396000f3fe60806040526004361061008a5760003560e01c8063715018a611610059578063715018a6146101655780637362377b1461017c5780638da5cb5b14610193578063efafb22e146101be578063f2fde38b146101e757610091565b8063013cf08b146100935780630d61b519146100d4578063400e3949146100fd5780635a43dc001461012857610091565b3661009157005b005b34801561009f57600080fd5b506100ba60048036038101906100b59190610ef2565b610210565b6040516100cb959493929190610f49565b60405180910390f35b3480156100e057600080fd5b506100fb60048036038101906100f69190610ef2565b610253565b005b34801561010957600080fd5b506101126105c8565b60405161011f9190610f9c565b60405180910390f35b34801561013457600080fd5b5061014f600480360381019061014a9190610ef2565b6105ce565b60405161015c9190610f9c565b60405180910390f35b34801561017157600080fd5b5061017a61080d565b005b34801561018857600080fd5b50610191610821565b005b34801561019f57600080fd5b506101a86108c2565b6040516101b59190610ff8565b60405180910390f35b3480156101ca57600080fd5b506101e560048036038101906101e09190611038565b6108eb565b005b3480156101f357600080fd5b5061020e600480360381019061020991906110a4565b610ce9565b005b60016020528060005260406000206000915090508060000154908060010154908060020154908060030154908060040160009054906101000a900460ff16905085565b6000600460009054906101000a900473ffffffffffffffffffffffffffffffffffffffff1673ffffffffffffffffffffffffffffffffffffffff166370a08231336040518263ffffffff1660e01b81526004016102b09190610ff8565b60206040518083038186803b1580156102c857600080fd5b505afa1580156102dc573d6000803e3d6000fd5b505050506040513d601f19601f8201168201806040525081019061030091906110e6565b11610340576040517f08c379a000000000000000000000000000000000000000000000000000000000815260040161033790611170565b60405180910390fd5b80426001600083815260200190815260200160002060010154111561039a576040517f08c379a0000000000000000000000000000000000000000000000000000000008152600401610391906111dc565b60405180910390fd5b600015156001600083815260200190815260200160002060040160009054906101000a900460ff16151514610404576040517f08c379a00000000000000000000000000000000000000000000000000000000081526004016103fb90611248565b60405180910390fd5b60006001600084815260200190815260200160002090508060030154816002015411156105a6576000600360009054906101000a900473ffffffffffffffffffffffffffffffffffffffff1673ffffffffffffffffffffffffffffffffffffffff166398d5fdca6040518163ffffffff1660e01b815260040160206040518083038186803b15801561049557600080fd5b505afa1580156104a9573d6000803e3d6000fd5b505050506040513d601f19601f820116820180604052508101906104cd91906110e6565b905080471015610512576040517f08c379a0000000000000000000000000000000000000000000000000000000008152600401610509906112b4565b60405180910390fd5b600360009054906101000a900473ffffffffffffffffffffffffffffffffffffffff1673ffffffffffffffffffffffffffffffffffffffff1663efef39a18284600001546040518363ffffffff1660e01b81526004016105729190610f9c565b6000604051808303818588803b15801561058b57600080fd5b505af115801561059f573d6000803e3d6000fd5b5050505050505b60018160040160006101000a81548160ff021916908315150217905550505050565b60025481565b600080600460009054906101000a900473ffffffffffffffffffffffffffffffffffffffff1673ffffffffffffffffffffffffffffffffffffffff166370a08231336040518263ffffffff1660e01b815260040161062c9190610ff8565b60206040518083038186803b15801561064457600080fd5b505afa158015610658573d6000803e3d6000fd5b505050506040513d601f19601f8201168201806040525081019061067c91906110e6565b116106bc576040517f08c379a00000000000000000000000000000000000000000000000000000000081526004016106b390611170565b60405180910390fd5b600360009054906101000a900473ffffffffffffffffffffffffffffffffffffffff1673ffffffffffffffffffffffffffffffffffffffff166396e494e8836040518263ffffffff1660e01b81526004016107179190610f9c565b60206040518083038186803b15801561072f57600080fd5b505afa158015610743573d6000803e3d6000fd5b505050506040513d601f19601f820116820180604052508101906107679190611300565b6107a6576040517f08c379a000000000000000000000000000000000000000000000000000000000815260040161079d90611379565b60405180910390fd5b6000600160006002548152602001908152602001600020905082816000018190555061012c426107d691906113c8565b8160010181905550600260008154809291906107f19061141e565b919050555060016002546108059190611467565b915050919050565b610815610d6d565b61081f6000610deb565b565b610829610d6d565b600047905060008111610871576040517f08c379a00000000000000000000000000000000000000000000000000000000081526004016108689061150d565b60405180910390fd5b6108796108c2565b73ffffffffffffffffffffffffffffffffffffffff166108fc829081150290604051600060405180830381858888f193505050501580156108be573d6000803e3d6000fd5b5050565b60008060009054906101000a900473ffffffffffffffffffffffffffffffffffffffff16905090565b6000600460009054906101000a900473ffffffffffffffffffffffffffffffffffffffff1673ffffffffffffffffffffffffffffffffffffffff166370a08231336040518263ffffffff1660e01b81526004016109489190610ff8565b60206040518083038186803b15801561096057600080fd5b505afa158015610974573d6000803e3d6000fd5b505050506040513d601f19601f8201168201806040525081019061099891906110e6565b116109d8576040517f08c379a00000000000000000000000000000000000000000000000000000000081526004016109cf90611170565b60405180910390fd5b8142600160008381526020019081526020016000206001015411610a31576040517f08c379a0000000000000000000000000000000000000000000000000000000008152600401610a2890611579565b60405180910390fd5b60006001600085815260200190815260200160002090506000600460009054906101000a900473ffffffffffffffffffffffffffffffffffffffff1673ffffffffffffffffffffffffffffffffffffffff166370a08231336040518263ffffffff1660e01b8152600401610aa59190610ff8565b60206040518083038186803b158015610abd57600080fd5b505afa158015610ad1573d6000803e3d6000fd5b505050506040513d601f19601f82011682018060405250810190610af591906110e6565b90506000805b82811015610c34576000600460009054906101000a900473ffffffffffffffffffffffffffffffffffffffff1673ffffffffffffffffffffffffffffffffffffffff16632f745c5933846040518363ffffffff1660e01b8152600401610b62929190611599565b60206040518083038186803b158015610b7a57600080fd5b505afa158015610b8e573d6000803e3d6000fd5b505050506040513d601f19601f82011682018060405250810190610bb291906110e6565b90506000151585600501600083815260200190815260200160002060009054906101000a900460ff1615151415610c20578280610bee9061141e565b935050600185600501600083815260200190815260200160002060006101000a81548160ff0219169083151502179055505b508080610c2c9061141e565b915050610afb565b5060008111610c78576040517f08c379a0000000000000000000000000000000000000000000000000000000008152600401610c6f9061160e565b60405180910390fd5b60006001811115610c8c57610c8b61162e565b5b856001811115610c9f57610c9e61162e565b5b1415610cc55780836002016000828254610cb991906113c8565b92505081905550610ce1565b80836003016000828254610cd991906113c8565b925050819055505b505050505050565b610cf1610d6d565b600073ffffffffffffffffffffffffffffffffffffffff168173ffffffffffffffffffffffffffffffffffffffff161415610d61576040517f08c379a0000000000000000000000000000000000000000000000000000000008152600401610d58906116cf565b60405180910390fd5b610d6a81610deb565b50565b610d75610eaf565b73ffffffffffffffffffffffffffffffffffffffff16610d936108c2565b73ffffffffffffffffffffffffffffffffffffffff1614610de9576040517f08c379a0000000000000000000000000000000000000000000000000000000008152600401610de09061173b565b60405180910390fd5b565b60008060009054906101000a900473ffffffffffffffffffffffffffffffffffffffff169050816000806101000a81548173ffffffffffffffffffffffffffffffffffffffff021916908373ffffffffffffffffffffffffffffffffffffffff1602179055508173ffffffffffffffffffffffffffffffffffffffff168173ffffffffffffffffffffffffffffffffffffffff167f8be0079c531659141344cd1fd0a4f28419497f9722a3daafe3b4186f6b6457e060405160405180910390a35050565b600033905090565b600080fd5b6000819050919050565b610ecf81610ebc565b8114610eda57600080fd5b50565b600081359050610eec81610ec6565b92915050565b600060208284031215610f0857610f07610eb7565b5b6000610f1684828501610edd565b91505092915050565b610f2881610ebc565b82525050565b60008115159050919050565b610f4381610f2e565b82525050565b600060a082019050610f5e6000830188610f1f565b610f6b6020830187610f1f565b610f786040830186610f1f565b610f856060830185610f1f565b610f926080830184610f3a565b9695505050505050565b6000602082019050610fb16000830184610f1f565b92915050565b600073ffffffffffffffffffffffffffffffffffffffff82169050919050565b6000610fe282610fb7565b9050919050565b610ff281610fd7565b82525050565b600060208201905061100d6000830184610fe9565b92915050565b6002811061102057600080fd5b50565b60008135905061103281611013565b92915050565b6000806040838503121561104f5761104e610eb7565b5b600061105d85828601610edd565b925050602061106e85828601611023565b9150509250929050565b61108181610fd7565b811461108c57600080fd5b50565b60008135905061109e81611078565b92915050565b6000602082840312156110ba576110b9610eb7565b5b60006110c88482850161108f565b91505092915050565b6000815190506110e081610ec6565b92915050565b6000602082840312156110fc576110fb610eb7565b5b600061110a848285016110d1565b91505092915050565b600082825260208201905092915050565b7f4e4f545f415f44414f5f4d454d42455200000000000000000000000000000000600082015250565b600061115a601083611113565b915061116582611124565b602082019050919050565b600060208201905081810360008301526111898161114d565b9050919050565b7f444541444c494e455f4e4f545f45584345454445440000000000000000000000600082015250565b60006111c6601583611113565b91506111d182611190565b602082019050919050565b600060208201905081810360008301526111f5816111b9565b9050919050565b7f50524f504f53414c5f414c52454144595f455845435554454400000000000000600082015250565b6000611232601983611113565b915061123d826111fc565b602082019050919050565b6000602082019050818103600083015261126181611225565b9050919050565b7f4e4f545f454e4f5547485f46554e445300000000000000000000000000000000600082015250565b600061129e601083611113565b91506112a982611268565b602082019050919050565b600060208201905081810360008301526112cd81611291565b9050919050565b6112dd81610f2e565b81146112e857600080fd5b50565b6000815190506112fa816112d4565b92915050565b60006020828403121561131657611315610eb7565b5b6000611324848285016112eb565b91505092915050565b7f4e46545f4e4f545f464f525f53414c4500000000000000000000000000000000600082015250565b6000611363601083611113565b915061136e8261132d565b602082019050919050565b6000602082019050818103600083015261139281611356565b9050919050565b7f4e487b7100000000000000000000000000000000000000000000000000000000600052601160045260246000fd5b60006113d382610ebc565b91506113de83610ebc565b9250827fffffffffffffffffffffffffffffffffffffffffffffffffffffffffffffffff0382111561141357611412611399565b5b828201905092915050565b600061142982610ebc565b91507fffffffffffffffffffffffffffffffffffffffffffffffffffffffffffffffff82141561145c5761145b611399565b5b600182019050919050565b600061147282610ebc565b915061147d83610ebc565b9250828210156114905761148f611399565b5b828203905092915050565b7f4e6f7468696e6720746f2077697468647261773b20636f6e747261637420626160008201527f6c616e636520656d707479000000000000000000000000000000000000000000602082015250565b60006114f7602b83611113565b91506115028261149b565b604082019050919050565b60006020820190508181036000830152611526816114ea565b9050919050565b7f444541444c494e455f4558434545444544000000000000000000000000000000600082015250565b6000611563601183611113565b915061156e8261152d565b602082019050919050565b6000602082019050818103600083015261159281611556565b9050919050565b60006040820190506115ae6000830185610fe9565b6115bb6020830184610f1f565b9392505050565b7f414c52454144595f564f54454400000000000000000000000000000000000000600082015250565b60006115f8600d83611113565b9150611603826115c2565b602082019050919050565b60006020820190508181036000830152611627816115eb565b9050919050565b7f4e487b7100000000000000000000000000000000000000000000000000000000600052602160045260246000fd5b7f4f776e61626c653a206e6577206f776e657220697320746865207a65726f206160008201527f6464726573730000000000000000000000000000000000000000000000000000602082015250565b60006116b9602683611113565b91506116c48261165d565b604082019050919050565b600060208201905081810360008301526116e8816116ac565b9050919050565b7f4f776e61626c653a2063616c6c6572206973206e6f7420746865206f776e6572600082015250565b6000611725602083611113565b9150611730826116ef565b602082019050919050565b6000602082019050818103600083015261175481611718565b905091905056fea2646970667358221220931b51ea68717e6e6d17a3bd02f26c6a0e365d062f8d8a51f03caaadab837ed964736f6c634300080900330000000000000000000000003b0a9381d2b49ce010e4ad1b94b5f5224c2931100000000000000000000000004ae2a6da43907593859a9fe62ce3c71a7189ad6a","accessList":null}, code=INSUFFICIENT_FUNDS, version=providers/5.7.2)
    at Logger.makeError (C:\suv\lw3.io_dao\dao-tutorial\backend\node_modules\@ethersproject\logger\src.ts\index.ts:269:28)
    at Logger.throwError (C:\suv\lw3.io_dao\dao-tutorial\backend\node_modules\@ethersproject\logger\src.ts\index.ts:281:20)
    at checkError (C:\suv\lw3.io_dao\dao-tutorial\backend\node_modules\@ethersproject\providers\src.ts\json-rpc-provider.ts:98:16)
    at EthersProviderWrapper.<anonymous> (C:\suv\lw3.io_dao\dao-tutorial\backend\node_modules\@ethersproject\providers\src.ts\json-rpc-provider.ts:642:20)
    at step (C:\suv\lw3.io_dao\dao-tutorial\backend\node_modules\@ethersproject\providers\lib\json-rpc-provider.js:48:23)
    at Object.throw (C:\suv\lw3.io_dao\dao-tutorial\backend\node_modules\@ethersproject\providers\lib\json-rpc-provider.js:29:53)
    at rejected (C:\suv\lw3.io_dao\dao-tutorial\backend\node_modules\@ethersproject\providers\lib\json-rpc-provider.js:21:65)
    at processTicksAndRejections (node:internal/process/task_queues:96:5) {
  reason: 'insufficient funds for intrinsic transaction cost',
  code: 'INSUFFICIENT_FUNDS',
  error: ProviderError: HttpProviderError
      at HttpProvider.request (C:\suv\lw3.io_dao\dao-tutorial\backend\node_modules\hardhat\src\internal\core\providers\http.ts:83:19)
      at LocalAccountsProvider.request (C:\suv\lw3.io_dao\dao-tutorial\backend\node_modules\hardhat\src\internal\core\providers\accounts.ts:187:34)
      at processTicksAndRejections (node:internal/process/task_queues:96:5)
      at EthersProviderWrapper.send (C:\suv\lw3.io_dao\dao-tutorial\backend\node_modules\@nomiclabs\hardhat-ethers\src\internal\ethers-provider-wrapper.ts:13:20),
  method: 'estimateGas',
  transaction: {
    from: '0x4d7b649A6D32ae1C17A77504F44F8F0a71B7FE92',
    value: BigNumber { value: "1000000000000000000" },
    data: '0x6080604052604051620019f1380380620019f1833981810160405281019062000029919062000209565b620000496200003d620000d360201b60201c565b620000db60201b60201c565b81600360006101000a81548173ffffffffffffffffffffffffffffffffffffffff021916908373ffffffffffffffffffffffffffffffffffffffff16021790555080600460006101000a81548173ffffffffffffffffffffffffffffffffffffffff021916908373ffffffffffffffffffffffffffffffffffffffff160217905550505062000250565b600033905090565b60008060009054906101000a900473ffffffffffffffffffffffffffffffffffffffff169050816000806101000a81548173ffffffffffffffffffffffffffffffffffffffff021916908373ffffffffffffffffffffffffffffffffffffffff1602179055508173ffffffffffffffffffffffffffffffffffffffff168173ffffffffffffffffffffffffffffffffffffffff167f8be0079c531659141344cd1fd0a4f28419497f9722a3daafe3b4186f6b6457e060405160405180910390a35050565b600080fd5b600073ffffffffffffffffffffffffffffffffffffffff82169050919050565b6000620001d182620001a4565b9050919050565b620001e381620001c4565b8114620001ef57600080fd5b50565b6000815190506200020381620001d8565b92915050565b600080604083850312156200022357620002226200019f565b5b60006200023385828601620001f2565b92505060206200024685828601620001f2565b9150509250929050565b61179180620002606000396000f3fe60806040526004361061008a5760003560e01c8063715018a611610059578063715018a6146101655780637362377b1461017c5780638da5cb5b14610193578063efafb22e146101be578063f2fde38b146101e757610091565b8063013cf08b146100935780630d61b519146100d4578063400e3949146100fd5780635a43dc001461012857610091565b3661009157005b005b34801561009f57600080fd5b506100ba60048036038101906100b59190610ef2565b610210565b6040516100cb959493929190610f49565b60405180910390f35b3480156100e057600080fd5b506100fb60048036038101906100f69190610ef2565b610253565b005b34801561010957600080fd5b506101126105c8565b60405161011f9190610f9c565b60405180910390f35b34801561013457600080fd5b5061014f600480360381019061014a9190610ef2565b6105ce565b60405161015c9190610f9c565b60405180910390f35b34801561017157600080fd5b5061017a61080d565b005b34801561018857600080fd5b50610191610821565b005b34801561019f57600080fd5b506101a86108c2565b6040516101b59190610ff8565b60405180910390f35b3480156101ca57600080fd5b506101e560048036038101906101e09190611038565b6108eb565b005b3480156101f357600080fd5b5061020e600480360381019061020991906110a4565b610ce9565b005b60016020528060005260406000206000915090508060000154908060010154908060020154908060030154908060040160009054906101000a900460ff16905085565b6000600460009054906101000a900473ffffffffffffffffffffffffffffffffffffffff1673ffffffffffffffffffffffffffffffffffffffff166370a08231336040518263ffffffff1660e01b81526004016102b09190610ff8565b60206040518083038186803b1580156102c857600080fd5b505afa1580156102dc573d6000803e3d6000fd5b505050506040513d601f19601f8201168201806040525081019061030091906110e6565b11610340576040517f08c379a000000000000000000000000000000000000000000000000000000000815260040161033790611170565b60405180910390fd5b80426001600083815260200190815260200160002060010154111561039a576040517f08c379a0000000000000000000000000000000000000000000000000000000008152600401610391906111dc565b60405180910390fd5b600015156001600083815260200190815260200160002060040160009054906101000a900460ff16151514610404576040517f08c379a00000000000000000000000000000000000000000000000000000000081526004016103fb90611248565b60405180910390fd5b60006001600084815260200190815260200160002090508060030154816002015411156105a6576000600360009054906101000a900473ffffffffffffffffffffffffffffffffffffffff1673ffffffffffffffffffffffffffffffffffffffff166398d5fdca6040518163ffffffff1660e01b815260040160206040518083038186803b15801561049557600080fd5b505afa1580156104a9573d6000803e3d6000fd5b505050506040513d601f19601f820116820180604052508101906104cd91906110e6565b905080471015610512576040517f08c379a0000000000000000000000000000000000000000000000000000000008152600401610509906112b4565b60405180910390fd5b600360009054906101000a900473ffffffffffffffffffffffffffffffffffffffff1673ffffffffffffffffffffffffffffffffffffffff1663efef39a18284600001546040518363ffffffff1660e01b81526004016105729190610f9c565b6000604051808303818588803b15801561058b57600080fd5b505af115801561059f573d6000803e3d6000fd5b5050505050505b60018160040160006101000a81548160ff021916908315150217905550505050565b60025481565b600080600460009054906101000a900473ffffffffffffffffffffffffffffffffffffffff1673ffffffffffffffffffffffffffffffffffffffff166370a08231336040518263ffffffff1660e01b815260040161062c9190610ff8565b60206040518083038186803b15801561064457600080fd5b505afa158015610658573d6000803e3d6000fd5b505050506040513d601f19601f8201168201806040525081019061067c91906110e6565b116106bc576040517f08c379a00000000000000000000000000000000000000000000000000000000081526004016106b390611170565b60405180910390fd5b600360009054906101000a900473ffffffffffffffffffffffffffffffffffffffff1673ffffffffffffffffffffffffffffffffffffffff166396e494e8836040518263ffffffff1660e01b81526004016107179190610f9c565b60206040518083038186803b15801561072f57600080fd5b505afa158015610743573d6000803e3d6000fd5b505050506040513d601f19601f820116820180604052508101906107679190611300565b6107a6576040517f08c379a000000000000000000000000000000000000000000000000000000000815260040161079d90611379565b60405180910390fd5b6000600160006002548152602001908152602001600020905082816000018190555061012c426107d691906113c8565b8160010181905550600260008154809291906107f19061141e565b919050555060016002546108059190611467565b915050919050565b610815610d6d565b61081f6000610deb565b565b610829610d6d565b600047905060008111610871576040517f08c379a00000000000000000000000000000000000000000000000000000000081526004016108689061150d565b60405180910390fd5b6108796108c2565b73ffffffffffffffffffffffffffffffffffffffff166108fc829081150290604051600060405180830381858888f193505050501580156108be573d6000803e3d6000fd5b5050565b60008060009054906101000a900473ffffffffffffffffffffffffffffffffffffffff16905090565b6000600460009054906101000a900473ffffffffffffffffffffffffffffffffffffffff1673ffffffffffffffffffffffffffffffffffffffff166370a08231336040518263ffffffff1660e01b81526004016109489190610ff8565b60206040518083038186803b15801561096057600080fd5b505afa158015610974573d6000803e3d6000fd5b505050506040513d601f19601f8201168201806040525081019061099891906110e6565b116109d8576040517f08c379a00000000000000000000000000000000000000000000000000000000081526004016109cf90611170565b60405180910390fd5b8142600160008381526020019081526020016000206001015411610a31576040517f08c379a0000000000000000000000000000000000000000000000000000000008152600401610a2890611579565b60405180910390fd5b60006001600085815260200190815260200160002090506000600460009054906101000a900473ffffffffffffffffffffffffffffffffffffffff1673ffffffffffffffffffffffffffffffffffffffff166370a08231336040518263ffffffff1660e01b8152600401610aa59190610ff8565b60206040518083038186803b158015610abd57600080fd5b505afa158015610ad1573d6000803e3d6000fd5b505050506040513d601f19601f82011682018060405250810190610af591906110e6565b90506000805b82811015610c34576000600460009054906101000a900473ffffffffffffffffffffffffffffffffffffffff1673ffffffffffffffffffffffffffffffffffffffff16632f745c5933846040518363ffffffff1660e01b8152600401610b62929190611599565b60206040518083038186803b158015610b7a57600080fd5b505afa158015610b8e573d6000803e3d6000fd5b505050506040513d601f19601f82011682018060405250810190610bb291906110e6565b90506000151585600501600083815260200190815260200160002060009054906101000a900460ff1615151415610c20578280610bee9061141e565b935050600185600501600083815260200190815260200160002060006101000a81548160ff0219169083151502179055505b508080610c2c9061141e565b915050610afb565b5060008111610c78576040517f08c379a0000000000000000000000000000000000000000000000000000000008152600401610c6f9061160e565b60405180910390fd5b60006001811115610c8c57610c8b61162e565b5b856001811115610c9f57610c9e61162e565b5b1415610cc55780836002016000828254610cb991906113c8565b92505081905550610ce1565b80836003016000828254610cd991906113c8565b925050819055505b505050505050565b610cf1610d6d565b600073ffffffffffffffffffffffffffffffffffffffff168173ffffffffffffffffffffffffffffffffffffffff161415610d61576040517f08c379a0000000000000000000000000000000000000000000000000000000008152600401610d58906116cf565b60405180910390fd5b610d6a81610deb565b50565b610d75610eaf565b73ffffffffffffffffffffffffffffffffffffffff16610d936108c2565b73ffffffffffffffffffffffffffffffffffffffff1614610de9576040517f08c379a0000000000000000000000000000000000000000000000000000000008152600401610de09061173b565b60405180910390fd5b565b60008060009054906101000a900473ffffffffffffffffffffffffffffffffffffffff169050816000806101000a81548173ffffffffffffffffffffffffffffffffffffffff021916908373ffffffffffffffffffffffffffffffffffffffff1602179055508173ffffffffffffffffffffffffffffffffffffffff168173ffffffffffffffffffffffffffffffffffffffff167f8be0079c531659141344cd1fd0a4f28419497f9722a3daafe3b4186f6b6457e060405160405180910390a35050565b600033905090565b600080fd5b6000819050919050565b610ecf81610ebc565b8114610eda57600080fd5b50565b600081359050610eec81610ec6565b92915050565b600060208284031215610f0857610f07610eb7565b5b6000610f1684828501610edd565b91505092915050565b610f2881610ebc565b82525050565b60008115159050919050565b610f4381610f2e565b82525050565b600060a082019050610f5e6000830188610f1f565b610f6b6020830187610f1f565b610f786040830186610f1f565b610f856060830185610f1f565b610f926080830184610f3a565b9695505050505050565b6000602082019050610fb16000830184610f1f565b92915050565b600073ffffffffffffffffffffffffffffffffffffffff82169050919050565b6000610fe282610fb7565b9050919050565b610ff281610fd7565b82525050565b600060208201905061100d6000830184610fe9565b92915050565b6002811061102057600080fd5b50565b60008135905061103281611013565b92915050565b6000806040838503121561104f5761104e610eb7565b5b600061105d85828601610edd565b925050602061106e85828601611023565b9150509250929050565b61108181610fd7565b811461108c57600080fd5b50565b60008135905061109e81611078565b92915050565b6000602082840312156110ba576110b9610eb7565b5b60006110c88482850161108f565b91505092915050565b6000815190506110e081610ec6565b92915050565b6000602082840312156110fc576110fb610eb7565b5b600061110a848285016110d1565b91505092915050565b600082825260208201905092915050565b7f4e'... 3412 more characters,
    accessList: null
  }
}

C:\suv\lw3.io_dao\dao-tutorial\backend>npx hardhat compile
ParserError: Multiple SPDX license identifiers found in source file. Use "AND" or "OR" to combine multiple licenses. Please see https://spdx.org for more information.
--> contracts/CryptoDevsDAO.sol


Error HH600: Compilation failed

For more info go to https://hardhat.org/HH600 or run Hardhat with --show-stack-traces

C:\suv\lw3.io_dao\dao-tutorial\backend>npx hardhat compile
ParserError: Multiple SPDX license identifiers found in source file. Use "AND" or "OR" to combine multiple licenses. Please see https://spdx.org for more information.
--> contracts/CryptoDevsDAO.sol


Error HH600: Compilation failed

For more info go to https://hardhat.org/HH600 or run Hardhat with --show-stack-traces

C:\suv\lw3.io_dao\dao-tutorial\backend>npx hardhat compile
ParserError: Multiple SPDX license identifiers found in source file. Use "AND" or "OR" to combine multiple licenses. Please see https://spdx.org for more information.
--> contracts/CryptoDevsDAO.sol


Error HH600: Compilation failed

For more info go to https://hardhat.org/HH600 or run Hardhat with --show-stack-traces

C:\suv\lw3.io_dao\dao-tutorial\backend>npx hardhat compile
ParserError: Multiple SPDX license identifiers found in source file. Use "AND" or "OR" to combine multiple licenses. Please see https://spdx.org for more information.
--> contracts/CryptoDevsDAO.sol


Error HH600: Compilation failed

For more info go to https://hardhat.org/HH600 or run Hardhat with --show-stack-traces

C:\suv\lw3.io_dao\dao-tutorial\backend>npx hardhat compile
ParserError: Multiple SPDX license identifiers found in source file. Use "AND" or "OR" to combine multiple licenses. Please see https://spdx.org for more information.
--> contracts/CryptoDevsDAO.sol


Error HH600: Compilation failed

For more info go to https://hardhat.org/HH600 or run Hardhat with --show-stack-traces

C:\suv\lw3.io_dao\dao-tutorial\backend>npx hardhat compile
Compiled 1 Solidity file successfully

C:\suv\lw3.io_dao\dao-tutorial\backend>npx hardhat run scripts/deploy.js
FakeNFTMarketplace deployed to:  0xcCEB3f16527A4F85C0C1F77EF4daB3b339C8ae22
Error: insufficient funds for intrinsic transaction cost [ See: https://links.ethers.org/v5-errors-INSUFFICIENT_FUNDS ] (error={"name":"ProviderError","_stack":"ProviderError: HttpProviderError\n    at HttpProvider.request (C:\\suv\\lw3.io_dao\\dao-tutorial\\backend\\node_modules\\hardhat\\src\\internal\\core\\providers\\http.ts:83:19)\n    at LocalAccountsProvider.request (C:\\suv\\lw3.io_dao\\dao-tutorial\\backend\\node_modules\\hardhat\\src\\internal\\core\\providers\\accounts.ts:187:34)\n    at processTicksAndRejections (node:internal/process/task_queues:96:5)\n    at EthersProviderWrapper.send (C:\\suv\\lw3.io_dao\\dao-tutorial\\backend\\node_modules\\@nomiclabs\\hardhat-ethers\\src\\internal\\ethers-provider-wrapper.ts:13:20)","code":-32000,"_isProviderError":true}, method="estimateGas", transaction={"from":"0x4d7b649A6D32ae1C17A77504F44F8F0a71B7FE92","value":{"type":"BigNumber","hex":"0x0de0b6b3a7640000"},"data":"0x6080604052604051620019f1380380620019f1833981810160405281019062000029919062000209565b620000496200003d620000d360201b60201c565b620000db60201b60201c565b81600360006101000a81548173ffffffffffffffffffffffffffffffffffffffff021916908373ffffffffffffffffffffffffffffffffffffffff16021790555080600460006101000a81548173ffffffffffffffffffffffffffffffffffffffff021916908373ffffffffffffffffffffffffffffffffffffffff160217905550505062000250565b600033905090565b60008060009054906101000a900473ffffffffffffffffffffffffffffffffffffffff169050816000806101000a81548173ffffffffffffffffffffffffffffffffffffffff021916908373ffffffffffffffffffffffffffffffffffffffff1602179055508173ffffffffffffffffffffffffffffffffffffffff168173ffffffffffffffffffffffffffffffffffffffff167f8be0079c531659141344cd1fd0a4f28419497f9722a3daafe3b4186f6b6457e060405160405180910390a35050565b600080fd5b600073ffffffffffffffffffffffffffffffffffffffff82169050919050565b6000620001d182620001a4565b9050919050565b620001e381620001c4565b8114620001ef57600080fd5b50565b6000815190506200020381620001d8565b92915050565b600080604083850312156200022357620002226200019f565b5b60006200023385828601620001f2565b92505060206200024685828601620001f2565b9150509250929050565b61179180620002606000396000f3fe60806040526004361061008a5760003560e01c8063715018a611610059578063715018a6146101655780637362377b1461017c5780638da5cb5b14610193578063efafb22e146101be578063f2fde38b146101e757610091565b8063013cf08b146100935780630d61b519146100d4578063400e3949146100fd5780635a43dc001461012857610091565b3661009157005b005b34801561009f57600080fd5b506100ba60048036038101906100b59190610ef2565b610210565b6040516100cb959493929190610f49565b60405180910390f35b3480156100e057600080fd5b506100fb60048036038101906100f69190610ef2565b610253565b005b34801561010957600080fd5b506101126105c8565b60405161011f9190610f9c565b60405180910390f35b34801561013457600080fd5b5061014f600480360381019061014a9190610ef2565b6105ce565b60405161015c9190610f9c565b60405180910390f35b34801561017157600080fd5b5061017a61080d565b005b34801561018857600080fd5b50610191610821565b005b34801561019f57600080fd5b506101a86108c2565b6040516101b59190610ff8565b60405180910390f35b3480156101ca57600080fd5b506101e560048036038101906101e09190611038565b6108eb565b005b3480156101f357600080fd5b5061020e600480360381019061020991906110a4565b610ce9565b005b60016020528060005260406000206000915090508060000154908060010154908060020154908060030154908060040160009054906101000a900460ff16905085565b6000600460009054906101000a900473ffffffffffffffffffffffffffffffffffffffff1673ffffffffffffffffffffffffffffffffffffffff166370a08231336040518263ffffffff1660e01b81526004016102b09190610ff8565b60206040518083038186803b1580156102c857600080fd5b505afa1580156102dc573d6000803e3d6000fd5b505050506040513d601f19601f8201168201806040525081019061030091906110e6565b11610340576040517f08c379a000000000000000000000000000000000000000000000000000000000815260040161033790611170565b60405180910390fd5b80426001600083815260200190815260200160002060010154111561039a576040517f08c379a0000000000000000000000000000000000000000000000000000000008152600401610391906111dc565b60405180910390fd5b600015156001600083815260200190815260200160002060040160009054906101000a900460ff16151514610404576040517f08c379a00000000000000000000000000000000000000000000000000000000081526004016103fb90611248565b60405180910390fd5b60006001600084815260200190815260200160002090508060030154816002015411156105a6576000600360009054906101000a900473ffffffffffffffffffffffffffffffffffffffff1673ffffffffffffffffffffffffffffffffffffffff166398d5fdca6040518163ffffffff1660e01b815260040160206040518083038186803b15801561049557600080fd5b505afa1580156104a9573d6000803e3d6000fd5b505050506040513d601f19601f820116820180604052508101906104cd91906110e6565b905080471015610512576040517f08c379a0000000000000000000000000000000000000000000000000000000008152600401610509906112b4565b60405180910390fd5b600360009054906101000a900473ffffffffffffffffffffffffffffffffffffffff1673ffffffffffffffffffffffffffffffffffffffff1663efef39a18284600001546040518363ffffffff1660e01b81526004016105729190610f9c565b6000604051808303818588803b15801561058b57600080fd5b505af115801561059f573d6000803e3d6000fd5b5050505050505b60018160040160006101000a81548160ff021916908315150217905550505050565b60025481565b600080600460009054906101000a900473ffffffffffffffffffffffffffffffffffffffff1673ffffffffffffffffffffffffffffffffffffffff166370a08231336040518263ffffffff1660e01b815260040161062c9190610ff8565b60206040518083038186803b15801561064457600080fd5b505afa158015610658573d6000803e3d6000fd5b505050506040513d601f19601f8201168201806040525081019061067c91906110e6565b116106bc576040517f08c379a00000000000000000000000000000000000000000000000000000000081526004016106b390611170565b60405180910390fd5b600360009054906101000a900473ffffffffffffffffffffffffffffffffffffffff1673ffffffffffffffffffffffffffffffffffffffff166396e494e8836040518263ffffffff1660e01b81526004016107179190610f9c565b60206040518083038186803b15801561072f57600080fd5b505afa158015610743573d6000803e3d6000fd5b505050506040513d601f19601f820116820180604052508101906107679190611300565b6107a6576040517f08c379a000000000000000000000000000000000000000000000000000000000815260040161079d90611379565b60405180910390fd5b6000600160006002548152602001908152602001600020905082816000018190555061012c426107d691906113c8565b8160010181905550600260008154809291906107f19061141e565b919050555060016002546108059190611467565b915050919050565b610815610d6d565b61081f6000610deb565b565b610829610d6d565b600047905060008111610871576040517f08c379a00000000000000000000000000000000000000000000000000000000081526004016108689061150d565b60405180910390fd5b6108796108c2565b73ffffffffffffffffffffffffffffffffffffffff166108fc829081150290604051600060405180830381858888f193505050501580156108be573d6000803e3d6000fd5b5050565b60008060009054906101000a900473ffffffffffffffffffffffffffffffffffffffff16905090565b6000600460009054906101000a900473ffffffffffffffffffffffffffffffffffffffff1673ffffffffffffffffffffffffffffffffffffffff166370a08231336040518263ffffffff1660e01b81526004016109489190610ff8565b60206040518083038186803b15801561096057600080fd5b505afa158015610974573d6000803e3d6000fd5b505050506040513d601f19601f8201168201806040525081019061099891906110e6565b116109d8576040517f08c379a00000000000000000000000000000000000000000000000000000000081526004016109cf90611170565b60405180910390fd5b8142600160008381526020019081526020016000206001015411610a31576040517f08c379a0000000000000000000000000000000000000000000000000000000008152600401610a2890611579565b60405180910390fd5b60006001600085815260200190815260200160002090506000600460009054906101000a900473ffffffffffffffffffffffffffffffffffffffff1673ffffffffffffffffffffffffffffffffffffffff166370a08231336040518263ffffffff1660e01b8152600401610aa59190610ff8565b60206040518083038186803b158015610abd57600080fd5b505afa158015610ad1573d6000803e3d6000fd5b505050506040513d601f19601f82011682018060405250810190610af591906110e6565b90506000805b82811015610c34576000600460009054906101000a900473ffffffffffffffffffffffffffffffffffffffff1673ffffffffffffffffffffffffffffffffffffffff16632f745c5933846040518363ffffffff1660e01b8152600401610b62929190611599565b60206040518083038186803b158015610b7a57600080fd5b505afa158015610b8e573d6000803e3d6000fd5b505050506040513d601f19601f82011682018060405250810190610bb291906110e6565b90506000151585600501600083815260200190815260200160002060009054906101000a900460ff1615151415610c20578280610bee9061141e565b935050600185600501600083815260200190815260200160002060006101000a81548160ff0219169083151502179055505b508080610c2c9061141e565b915050610afb565b5060008111610c78576040517f08c379a0000000000000000000000000000000000000000000000000000000008152600401610c6f9061160e565b60405180910390fd5b60006001811115610c8c57610c8b61162e565b5b856001811115610c9f57610c9e61162e565b5b1415610cc55780836002016000828254610cb991906113c8565b92505081905550610ce1565b80836003016000828254610cd991906113c8565b925050819055505b505050505050565b610cf1610d6d565b600073ffffffffffffffffffffffffffffffffffffffff168173ffffffffffffffffffffffffffffffffffffffff161415610d61576040517f08c379a0000000000000000000000000000000000000000000000000000000008152600401610d58906116cf565b60405180910390fd5b610d6a81610deb565b50565b610d75610eaf565b73ffffffffffffffffffffffffffffffffffffffff16610d936108c2565b73ffffffffffffffffffffffffffffffffffffffff1614610de9576040517f08c379a0000000000000000000000000000000000000000000000000000000008152600401610de09061173b565b60405180910390fd5b565b60008060009054906101000a900473ffffffffffffffffffffffffffffffffffffffff169050816000806101000a81548173ffffffffffffffffffffffffffffffffffffffff021916908373ffffffffffffffffffffffffffffffffffffffff1602179055508173ffffffffffffffffffffffffffffffffffffffff168173ffffffffffffffffffffffffffffffffffffffff167f8be0079c531659141344cd1fd0a4f28419497f9722a3daafe3b4186f6b6457e060405160405180910390a35050565b600033905090565b600080fd5b6000819050919050565b610ecf81610ebc565b8114610eda57600080fd5b50565b600081359050610eec81610ec6565b92915050565b600060208284031215610f0857610f07610eb7565b5b6000610f1684828501610edd565b91505092915050565b610f2881610ebc565b82525050565b60008115159050919050565b610f4381610f2e565b82525050565b600060a082019050610f5e6000830188610f1f565b610f6b6020830187610f1f565b610f786040830186610f1f565b610f856060830185610f1f565b610f926080830184610f3a565b9695505050505050565b6000602082019050610fb16000830184610f1f565b92915050565b600073ffffffffffffffffffffffffffffffffffffffff82169050919050565b6000610fe282610fb7565b9050919050565b610ff281610fd7565b82525050565b600060208201905061100d6000830184610fe9565b92915050565b6002811061102057600080fd5b50565b60008135905061103281611013565b92915050565b6000806040838503121561104f5761104e610eb7565b5b600061105d85828601610edd565b925050602061106e85828601611023565b9150509250929050565b61108181610fd7565b811461108c57600080fd5b50565b60008135905061109e81611078565b92915050565b6000602082840312156110ba576110b9610eb7565b5b60006110c88482850161108f565b91505092915050565b6000815190506110e081610ec6565b92915050565b6000602082840312156110fc576110fb610eb7565b5b600061110a848285016110d1565b91505092915050565b600082825260208201905092915050565b7f4e4f545f415f44414f5f4d454d42455200000000000000000000000000000000600082015250565b600061115a601083611113565b915061116582611124565b602082019050919050565b600060208201905081810360008301526111898161114d565b9050919050565b7f444541444c494e455f4e4f545f45584345454445440000000000000000000000600082015250565b60006111c6601583611113565b91506111d182611190565b602082019050919050565b600060208201905081810360008301526111f5816111b9565b9050919050565b7f50524f504f53414c5f414c52454144595f455845435554454400000000000000600082015250565b6000611232601983611113565b915061123d826111fc565b602082019050919050565b6000602082019050818103600083015261126181611225565b9050919050565b7f4e4f545f454e4f5547485f46554e445300000000000000000000000000000000600082015250565b600061129e601083611113565b91506112a982611268565b602082019050919050565b600060208201905081810360008301526112cd81611291565b9050919050565b6112dd81610f2e565b81146112e857600080fd5b50565b6000815190506112fa816112d4565b92915050565b60006020828403121561131657611315610eb7565b5b6000611324848285016112eb565b91505092915050565b7f4e46545f4e4f545f464f525f53414c4500000000000000000000000000000000600082015250565b6000611363601083611113565b915061136e8261132d565b602082019050919050565b6000602082019050818103600083015261139281611356565b9050919050565b7f4e487b7100000000000000000000000000000000000000000000000000000000600052601160045260246000fd5b60006113d382610ebc565b91506113de83610ebc565b9250827fffffffffffffffffffffffffffffffffffffffffffffffffffffffffffffffff0382111561141357611412611399565b5b828201905092915050565b600061142982610ebc565b91507fffffffffffffffffffffffffffffffffffffffffffffffffffffffffffffffff82141561145c5761145b611399565b5b600182019050919050565b600061147282610ebc565b915061147d83610ebc565b9250828210156114905761148f611399565b5b828203905092915050565b7f4e6f7468696e6720746f2077697468647261773b20636f6e747261637420626160008201527f6c616e636520656d707479000000000000000000000000000000000000000000602082015250565b60006114f7602b83611113565b91506115028261149b565b604082019050919050565b60006020820190508181036000830152611526816114ea565b9050919050565b7f444541444c494e455f4558434545444544000000000000000000000000000000600082015250565b6000611563601183611113565b915061156e8261152d565b602082019050919050565b6000602082019050818103600083015261159281611556565b9050919050565b60006040820190506115ae6000830185610fe9565b6115bb6020830184610f1f565b9392505050565b7f414c52454144595f564f54454400000000000000000000000000000000000000600082015250565b60006115f8600d83611113565b9150611603826115c2565b602082019050919050565b60006020820190508181036000830152611627816115eb565b9050919050565b7f4e487b7100000000000000000000000000000000000000000000000000000000600052602160045260246000fd5b7f4f776e61626c653a206e6577206f776e657220697320746865207a65726f206160008201527f6464726573730000000000000000000000000000000000000000000000000000602082015250565b60006116b9602683611113565b91506116c48261165d565b604082019050919050565b600060208201905081810360008301526116e8816116ac565b9050919050565b7f4f776e61626c653a2063616c6c6572206973206e6f7420746865206f776e6572600082015250565b6000611725602083611113565b9150611730826116ef565b602082019050919050565b6000602082019050818103600083015261175481611718565b905091905056fea26469706673582212209b267e70cf38c54c8c932629c01cd78a280ececca7fbe1b7791132923e5b4b5864736f6c63430008090033000000000000000000000000cceb3f16527a4f85c0c1f77ef4dab3b339c8ae220000000000000000000000004ae2a6da43907593859a9fe62ce3c71a7189ad6a","accessList":null}, code=INSUFFICIENT_FUNDS, version=providers/5.7.2)
    at Logger.makeError (C:\suv\lw3.io_dao\dao-tutorial\backend\node_modules\@ethersproject\logger\src.ts\index.ts:269:28)
    at Logger.throwError (C:\suv\lw3.io_dao\dao-tutorial\backend\node_modules\@ethersproject\logger\src.ts\index.ts:281:20)
    at checkError (C:\suv\lw3.io_dao\dao-tutorial\backend\node_modules\@ethersproject\providers\src.ts\json-rpc-provider.ts:98:16)
    at EthersProviderWrapper.<anonymous> (C:\suv\lw3.io_dao\dao-tutorial\backend\node_modules\@ethersproject\providers\src.ts\json-rpc-provider.ts:642:20)
    at step (C:\suv\lw3.io_dao\dao-tutorial\backend\node_modules\@ethersproject\providers\lib\json-rpc-provider.js:48:23)
    at Object.throw (C:\suv\lw3.io_dao\dao-tutorial\backend\node_modules\@ethersproject\providers\lib\json-rpc-provider.js:29:53)
    at rejected (C:\suv\lw3.io_dao\dao-tutorial\backend\node_modules\@ethersproject\providers\lib\json-rpc-provider.js:21:65)
    at processTicksAndRejections (node:internal/process/task_queues:96:5) {
  reason: 'insufficient funds for intrinsic transaction cost',
  code: 'INSUFFICIENT_FUNDS',
  error: ProviderError: HttpProviderError
      at HttpProvider.request (C:\suv\lw3.io_dao\dao-tutorial\backend\node_modules\hardhat\src\internal\core\providers\http.ts:83:19)
      at LocalAccountsProvider.request (C:\suv\lw3.io_dao\dao-tutorial\backend\node_modules\hardhat\src\internal\core\providers\accounts.ts:187:34)
      at processTicksAndRejections (node:internal/process/task_queues:96:5)
      at EthersProviderWrapper.send (C:\suv\lw3.io_dao\dao-tutorial\backend\node_modules\@nomiclabs\hardhat-ethers\src\internal\ethers-provider-wrapper.ts:13:20),
  method: 'estimateGas',
  transaction: {
    from: '0x4d7b649A6D32ae1C17A77504F44F8F0a71B7FE92',
    value: BigNumber { value: "1000000000000000000" },
    data: '0x6080604052604051620019f1380380620019f1833981810160405281019062000029919062000209565b620000496200003d620000d360201b60201c565b620000db60201b60201c565b81600360006101000a81548173ffffffffffffffffffffffffffffffffffffffff021916908373ffffffffffffffffffffffffffffffffffffffff16021790555080600460006101000a81548173ffffffffffffffffffffffffffffffffffffffff021916908373ffffffffffffffffffffffffffffffffffffffff160217905550505062000250565b600033905090565b60008060009054906101000a900473ffffffffffffffffffffffffffffffffffffffff169050816000806101000a81548173ffffffffffffffffffffffffffffffffffffffff021916908373ffffffffffffffffffffffffffffffffffffffff1602179055508173ffffffffffffffffffffffffffffffffffffffff168173ffffffffffffffffffffffffffffffffffffffff167f8be0079c531659141344cd1fd0a4f28419497f9722a3daafe3b4186f6b6457e060405160405180910390a35050565b600080fd5b600073ffffffffffffffffffffffffffffffffffffffff82169050919050565b6000620001d182620001a4565b9050919050565b620001e381620001c4565b8114620001ef57600080fd5b50565b6000815190506200020381620001d8565b92915050565b600080604083850312156200022357620002226200019f565b5b60006200023385828601620001f2565b92505060206200024685828601620001f2565b9150509250929050565b61179180620002606000396000f3fe60806040526004361061008a5760003560e01c8063715018a611610059578063715018a6146101655780637362377b1461017c5780638da5cb5b14610193578063efafb22e146101be578063f2fde38b146101e757610091565b8063013cf08b146100935780630d61b519146100d4578063400e3949146100fd5780635a43dc001461012857610091565b3661009157005b005b34801561009f57600080fd5b506100ba60048036038101906100b59190610ef2565b610210565b6040516100cb959493929190610f49565b60405180910390f35b3480156100e057600080fd5b506100fb60048036038101906100f69190610ef2565b610253565b005b34801561010957600080fd5b506101126105c8565b60405161011f9190610f9c565b60405180910390f35b34801561013457600080fd5b5061014f600480360381019061014a9190610ef2565b6105ce565b60405161015c9190610f9c565b60405180910390f35b34801561017157600080fd5b5061017a61080d565b005b34801561018857600080fd5b50610191610821565b005b34801561019f57600080fd5b506101a86108c2565b6040516101b59190610ff8565b60405180910390f35b3480156101ca57600080fd5b506101e560048036038101906101e09190611038565b6108eb565b005b3480156101f357600080fd5b5061020e600480360381019061020991906110a4565b610ce9565b005b60016020528060005260406000206000915090508060000154908060010154908060020154908060030154908060040160009054906101000a900460ff16905085565b6000600460009054906101000a900473ffffffffffffffffffffffffffffffffffffffff1673ffffffffffffffffffffffffffffffffffffffff166370a08231336040518263ffffffff1660e01b81526004016102b09190610ff8565b60206040518083038186803b1580156102c857600080fd5b505afa1580156102dc573d6000803e3d6000fd5b505050506040513d601f19601f8201168201806040525081019061030091906110e6565b11610340576040517f08c379a000000000000000000000000000000000000000000000000000000000815260040161033790611170565b60405180910390fd5b80426001600083815260200190815260200160002060010154111561039a576040517f08c379a0000000000000000000000000000000000000000000000000000000008152600401610391906111dc565b60405180910390fd5b600015156001600083815260200190815260200160002060040160009054906101000a900460ff16151514610404576040517f08c379a00000000000000000000000000000000000000000000000000000000081526004016103fb90611248565b60405180910390fd5b60006001600084815260200190815260200160002090508060030154816002015411156105a6576000600360009054906101000a900473ffffffffffffffffffffffffffffffffffffffff1673ffffffffffffffffffffffffffffffffffffffff166398d5fdca6040518163ffffffff1660e01b815260040160206040518083038186803b15801561049557600080fd5b505afa1580156104a9573d6000803e3d6000fd5b505050506040513d601f19601f820116820180604052508101906104cd91906110e6565b905080471015610512576040517f08c379a0000000000000000000000000000000000000000000000000000000008152600401610509906112b4565b60405180910390fd5b600360009054906101000a900473ffffffffffffffffffffffffffffffffffffffff1673ffffffffffffffffffffffffffffffffffffffff1663efef39a18284600001546040518363ffffffff1660e01b81526004016105729190610f9c565b6000604051808303818588803b15801561058b57600080fd5b505af115801561059f573d6000803e3d6000fd5b5050505050505b60018160040160006101000a81548160ff021916908315150217905550505050565b60025481565b600080600460009054906101000a900473ffffffffffffffffffffffffffffffffffffffff1673ffffffffffffffffffffffffffffffffffffffff166370a08231336040518263ffffffff1660e01b815260040161062c9190610ff8565b60206040518083038186803b15801561064457600080fd5b505afa158015610658573d6000803e3d6000fd5b505050506040513d601f19601f8201168201806040525081019061067c91906110e6565b116106bc576040517f08c379a00000000000000000000000000000000000000000000000000000000081526004016106b390611170565b60405180910390fd5b600360009054906101000a900473ffffffffffffffffffffffffffffffffffffffff1673ffffffffffffffffffffffffffffffffffffffff166396e494e8836040518263ffffffff1660e01b81526004016107179190610f9c565b60206040518083038186803b15801561072f57600080fd5b505afa158015610743573d6000803e3d6000fd5b505050506040513d601f19601f820116820180604052508101906107679190611300565b6107a6576040517f08c379a000000000000000000000000000000000000000000000000000000000815260040161079d90611379565b60405180910390fd5b6000600160006002548152602001908152602001600020905082816000018190555061012c426107d691906113c8565b8160010181905550600260008154809291906107f19061141e565b919050555060016002546108059190611467565b915050919050565b610815610d6d565b61081f6000610deb565b565b610829610d6d565b600047905060008111610871576040517f08c379a00000000000000000000000000000000000000000000000000000000081526004016108689061150d565b60405180910390fd5b6108796108c2565b73ffffffffffffffffffffffffffffffffffffffff166108fc829081150290604051600060405180830381858888f193505050501580156108be573d6000803e3d6000fd5b5050565b60008060009054906101000a900473ffffffffffffffffffffffffffffffffffffffff16905090565b6000600460009054906101000a900473ffffffffffffffffffffffffffffffffffffffff1673ffffffffffffffffffffffffffffffffffffffff166370a08231336040518263ffffffff1660e01b81526004016109489190610ff8565b60206040518083038186803b15801561096057600080fd5b505afa158015610974573d6000803e3d6000fd5b505050506040513d601f19601f8201168201806040525081019061099891906110e6565b116109d8576040517f08c379a00000000000000000000000000000000000000000000000000000000081526004016109cf90611170565b60405180910390fd5b8142600160008381526020019081526020016000206001015411610a31576040517f08c379a0000000000000000000000000000000000000000000000000000000008152600401610a2890611579565b60405180910390fd5b60006001600085815260200190815260200160002090506000600460009054906101000a900473ffffffffffffffffffffffffffffffffffffffff1673ffffffffffffffffffffffffffffffffffffffff166370a08231336040518263ffffffff1660e01b8152600401610aa59190610ff8565b60206040518083038186803b158015610abd57600080fd5b505afa158015610ad1573d6000803e3d6000fd5b505050506040513d601f19601f82011682018060405250810190610af591906110e6565b90506000805b82811015610c34576000600460009054906101000a900473ffffffffffffffffffffffffffffffffffffffff1673ffffffffffffffffffffffffffffffffffffffff16632f745c5933846040518363ffffffff1660e01b8152600401610b62929190611599565b60206040518083038186803b158015610b7a57600080fd5b505afa158015610b8e573d6000803e3d6000fd5b505050506040513d601f19601f82011682018060405250810190610bb291906110e6565b90506000151585600501600083815260200190815260200160002060009054906101000a900460ff1615151415610c20578280610bee9061141e565b935050600185600501600083815260200190815260200160002060006101000a81548160ff0219169083151502179055505b508080610c2c9061141e565b915050610afb565b5060008111610c78576040517f08c379a0000000000000000000000000000000000000000000000000000000008152600401610c6f9061160e565b60405180910390fd5b60006001811115610c8c57610c8b61162e565b5b856001811115610c9f57610c9e61162e565b5b1415610cc55780836002016000828254610cb991906113c8565b92505081905550610ce1565b80836003016000828254610cd991906113c8565b925050819055505b505050505050565b610cf1610d6d565b600073ffffffffffffffffffffffffffffffffffffffff168173ffffffffffffffffffffffffffffffffffffffff161415610d61576040517f08c379a0000000000000000000000000000000000000000000000000000000008152600401610d58906116cf565b60405180910390fd5b610d6a81610deb565b50565b610d75610eaf565b73ffffffffffffffffffffffffffffffffffffffff16610d936108c2565b73ffffffffffffffffffffffffffffffffffffffff1614610de9576040517f08c379a0000000000000000000000000000000000000000000000000000000008152600401610de09061173b565b60405180910390fd5b565b60008060009054906101000a900473ffffffffffffffffffffffffffffffffffffffff169050816000806101000a81548173ffffffffffffffffffffffffffffffffffffffff021916908373ffffffffffffffffffffffffffffffffffffffff1602179055508173ffffffffffffffffffffffffffffffffffffffff168173ffffffffffffffffffffffffffffffffffffffff167f8be0079c531659141344cd1fd0a4f28419497f9722a3daafe3b4186f6b6457e060405160405180910390a35050565b600033905090565b600080fd5b6000819050919050565b610ecf81610ebc565b8114610eda57600080fd5b50565b600081359050610eec81610ec6565b92915050565b600060208284031215610f0857610f07610eb7565b5b6000610f1684828501610edd565b91505092915050565b610f2881610ebc565b82525050565b60008115159050919050565b610f4381610f2e565b82525050565b600060a082019050610f5e6000830188610f1f565b610f6b6020830187610f1f565b610f786040830186610f1f565b610f856060830185610f1f565b610f926080830184610f3a565b9695505050505050565b6000602082019050610fb16000830184610f1f565b92915050565b600073ffffffffffffffffffffffffffffffffffffffff82169050919050565b6000610fe282610fb7565b9050919050565b610ff281610fd7565b82525050565b600060208201905061100d6000830184610fe9565b92915050565b6002811061102057600080fd5b50565b60008135905061103281611013565b92915050565b6000806040838503121561104f5761104e610eb7565b5b600061105d85828601610edd565b925050602061106e85828601611023565b9150509250929050565b61108181610fd7565b811461108c57600080fd5b50565b60008135905061109e81611078565b92915050565b6000602082840312156110ba576110b9610eb7565b5b60006110c88482850161108f565b91505092915050565b6000815190506110e081610ec6565b92915050565b6000602082840312156110fc576110fb610eb7565b5b600061110a848285016110d1565b91505092915050565b600082825260208201905092915050565b7f4e'... 3412 more characters,
    accessList: null
  }
}

C:\suv\lw3.io_dao\dao-tutorial\backend>npx hardhat run scripts/deploy.js



































FakeNFTMarketplace deployed to:  0xB19a129B618260e19df7A0963FbaACFdbb795651
CryptoDevsDAO deployed to:  0xdEE7F9EB2363050715aD46825aa391B18651Ca18




































C:\suv\lw3.io_dao\dao-tutorial\backend>cd ..

C:\suv\lw3.io_dao\dao-tutorial>cd frontend

C:\suv\lw3.io_dao\dao-tutorial\frontend>npm run dev

> frontend@1.0.0 dev
> next dev

ready - started server on 0.0.0.0:3000, url: http://localhost:3000
event - compiled client and server successfully in 4.8s (159 modules)
wait  - compiling / (client and server)...
event - compiled client and server successfully in 10s (201 modules)

C:\suv\lw3.io_dao\dao-tutorial\frontend>npm run dev

> frontend@1.0.0 dev
> next dev

ready - started server on 0.0.0.0:3000, url: http://localhost:3000
event - compiled client and server successfully in 550 ms (159 modules)
warn  - Duplicate page detected. pages\index.jsx and pages\index.js both resolve to /index.
warn  - Duplicate page detected. pages\index.jsx and pages\index.js both resolve to /index.
wait  - compiling / (client and server)...
event - compiled client and server successfully in 2.6s (201 modules)
warn  - Duplicate page detected. pages\index.jsx and pages\index.js both resolve to /index.
warn  - Duplicate page detected. pages\index.jsx and pages\index.js both resolve to /index.
warn  - Duplicate page detected. pages\index.jsx and pages\index.js both resolve to /index.
warn  - Duplicate page detected. pages\index.jsx and pages\index.js both resolve to /index.

C:\suv\lw3.io_dao\dao-tutorial\frontend>npm run dev

> frontend@1.0.0 dev
> next dev

ready - started server on 0.0.0.0:3000, url: http://localhost:3000
event - compiled client and server successfully in 622 ms (159 modules)
wait  - compiling / (client and server)...
event - compiled client and server successfully in 3.4s (330 modules)

C:\suv\lw3.io_dao\dao-tutorial\frontend>npm run dev

> frontend@1.0.0 dev
> next dev

ready - started server on 0.0.0.0:3000, url: http://localhost:3000
event - compiled client and server successfully in 744 ms (159 modules)
wait  - compiling / (client and server)...
event - compiled client and server successfully in 1239 ms (330 modules)

C:\suv\lw3.io_dao\dao-tutorial\frontend>npm run dev

> frontend@1.0.0 dev
> next dev

ready - started server on 0.0.0.0:3000, url: http://localhost:3000
event - compiled client and server successfully in 615 ms (159 modules)
wait  - compiling / (client and server)...
event - compiled client and server successfully in 1261 ms (330 modules)

C:\suv\lw3.io_dao\dao-tutorial\frontend>cd ..

C:\suv\lw3.io_dao\dao-tutorial>cd backend

C:\suv\lw3.io_dao\dao-tutorial\backend>npx hardhat compile
Nothing to compile

C:\suv\lw3.io_dao\dao-tutorial\backend>npx hardhat run scripts/deploy.js




































FakeNFTMarketplace deployed to:  0xFca28553634B373AC8cacD5053C74A99f397d963
CryptoDevsDAO deployed to:  0xd52A9d2110F18707656d26449dd99F25d45ABcAd





































C:\suv\lw3.io_dao\dao-tutorial\backend>cd ..

C:\suv\lw3.io_dao\dao-tutorial>cd frontend

C:\suv\lw3.io_dao\dao-tutorial\frontend>npm run dev

> frontend@1.0.0 dev
> next dev

ready - started server on 0.0.0.0:3000, url: http://localhost:3000
event - compiled client and server successfully in 653 ms (159 modules)
wait  - compiling /_error (client and server)...
event - compiled client and server successfully in 222 ms (160 modules)
warn  - Fast Refresh had to perform a full reload. Read more: https://nextjs.org/docs/basic-features/fast-refresh#how-it-works
wait  - compiling / (client and server)...
event - compiled client and server successfully in 772 ms (331 modules)

C:\suv\lw3.io_dao\dao-tutorial\frontend>cd ..

C:\suv\lw3.io_dao\dao-tutorial>git status
On branch trunk

No commits yet

Untracked files:
  (use "git add <file>..." to include in what will be committed)
        .gitignore
        README.md
        backend/
        contract addresses.txt
        frontend/
        package-lock.json
        terminal-commands.txt

nothing added to commit but untracked files present (use "git add" to track)

C:\suv\lw3.io_dao\dao-tutorial>git add .
warning: LF will be replaced by CRLF in package-lock.json.
The file will have its original line endings in your working directory

C:\suv\lw3.io_dao\dao-tutorial>git status
On branch trunk

No commits yet

Changes to be committed:
  (use "git rm --cached <file>..." to unstage)
        new file:   .gitignore
        new file:   README.md
        new file:   backend/.gitignore
        new file:   backend/constants.js
        new file:   backend/contracts/CryptoDevsDAO.sol
        new file:   backend/contracts/FakeNFTMarketplace.sol
        new file:   backend/contracts/Lock.sol
        new file:   backend/hardhat.config.js
        new file:   backend/package.json
        new file:   backend/scripts/deploy.js
        new file:   contract addresses.txt
        new file:   frontend/.gitignore
        new file:   frontend/components/.gitkeep
        new file:   frontend/constants.js
        new file:   frontend/next.config.js
        new file:   frontend/package.json
        new file:   frontend/pages/_appRain.jsx
        new file:   frontend/pages/api/hello.js
        new file:   frontend/pages/help.jsx
        new file:   frontend/pages/index.jsx
        new file:   frontend/public/cryptodevs/0.svg
        new file:   frontend/public/favicon.ico
        new file:   frontend/public/vercel.svg
        new file:   frontend/styles/Help.module.css
        new file:   frontend/styles/Home.module.css
        new file:   frontend/styles/globals.css
        new file:   package-lock.json
        new file:   terminal-commands.txt


C:\suv\lw3.io_dao\dao-tutorial>git commit -m "dao-tutorial"
[trunk (root-commit) 986fd95] dao-tutorial
 28 files changed, 3167 insertions(+)
 create mode 100644 .gitignore
 create mode 100644 README.md
 create mode 100644 backend/.gitignore
 create mode 100644 backend/constants.js
 create mode 100644 backend/contracts/CryptoDevsDAO.sol
 create mode 100644 backend/contracts/FakeNFTMarketplace.sol
 create mode 100644 backend/contracts/Lock.sol
 create mode 100644 backend/hardhat.config.js
 create mode 100644 backend/package.json
 create mode 100644 backend/scripts/deploy.js
 create mode 100644 contract addresses.txt
 create mode 100644 frontend/.gitignore
 create mode 100644 frontend/components/.gitkeep
 create mode 100644 frontend/constants.js
 create mode 100644 frontend/next.config.js
 create mode 100644 frontend/package.json
 create mode 100644 frontend/pages/_appRain.jsx
 create mode 100644 frontend/pages/api/hello.js
 create mode 100644 frontend/pages/help.jsx
 create mode 100644 frontend/pages/index.jsx
 create mode 100644 frontend/public/cryptodevs/0.svg
 create mode 100644 frontend/public/favicon.ico
 create mode 100644 frontend/public/vercel.svg
 create mode 100644 frontend/styles/Help.module.css
 create mode 100644 frontend/styles/Home.module.css
 create mode 100644 frontend/styles/globals.css
 create mode 100644 package-lock.json
 create mode 100644 terminal-commands.txt

C:\suv\lw3.io_dao\dao-tutorial>git status

On branch trunk
Changes not staged for commit:
  (use "git add <file>..." to update what will be committed)
  (use "git restore <file>..." to discard changes in working directory)
        modified:   terminal-commands.txt

no changes added to commit (use "git add" and/or "git commit -a")

C:\suv\lw3.io_dao\dao-tutorial>git remote add origin https://github.com/suvrajeet01/lw3.io_dao.git

C:\suv\lw3.io_dao\dao-tutorial>git branch -M trunk

C:\suv\lw3.io_dao\dao-tutorial>git status
On branch trunk
Changes not staged for commit:
  (use "git add <file>..." to update what will be committed)
  (use "git restore <file>..." to discard changes in working directory)
        modified:   terminal-commands.txt

no changes added to commit (use "git add" and/or "git commit -a")

C:\suv\lw3.io_dao\dao-tutorial>git push -u origin trunk
To https://github.com/suvrajeet01/lw3.io_dao.git
 ! [rejected]        trunk -> trunk (fetch first)
error: failed to push some refs to 'https://github.com/suvrajeet01/lw3.io_dao.git'
hint: Updates were rejected because the remote contains work that you do
hint: not have locally. This is usually caused by another repository pushing
hint: to the same ref. You may want to first integrate the remote changes
hint: (e.g., 'git pull ...') before pushing again.
hint: See the 'Note about fast-forwards' in 'git push --help' for details.

C:\suv\lw3.io_dao\dao-tutorial>




























Microsoft Windows [Version 10.0.22621.1105]
(c) Microsoft Corporation. All rights reserved.

C:\suv>git clone https://github.com/suvrajeet01/lw3.io_dao.git
Cloning into 'lw3.io_dao'...
remote: Enumerating objects: 3, done.
remote: Counting objects: 100% (3/3), done.
remote: Compressing objects: 100% (2/2), done.
remote: Total 3 (delta 0), reused 0 (delta 0), pack-reused 0
Receiving objects: 100% (3/3), done.

C:\suv>>git status
fatal: not a git repository (or any of the parent directories): .git

C:\suv>cd lw3.io_dao

C:\suv\lw3.io_dao>git status
On branch trunk
Your branch is up to date with 'origin/trunk'.

Untracked files:
  (use "git add <file>..." to include in what will be committed)
        dao-tutorial/

nothing added to commit but untracked files present (use "git add" to track)

C:\suv\lw3.io_dao>git add .
warning: LF will be replaced by CRLF in dao-tutorial/package-lock.json.
The file will have its original line endings in your working directory

C:\suv\lw3.io_dao>git status
On branch trunk
Your branch is up to date with 'origin/trunk'.

Changes to be committed:
  (use "git restore --staged <file>..." to unstage)
        new file:   dao-tutorial/.git.txt
        new file:   dao-tutorial/.gitignore
        new file:   dao-tutorial/README.md
        new file:   dao-tutorial/backend/.gitignore
        new file:   dao-tutorial/backend/constants.js
        new file:   dao-tutorial/backend/contracts/CryptoDevsDAO.sol
        new file:   dao-tutorial/backend/contracts/FakeNFTMarketplace.sol
        new file:   dao-tutorial/backend/contracts/Lock.sol
        new file:   dao-tutorial/backend/hardhat.config.js
        new file:   dao-tutorial/backend/package.json
        new file:   dao-tutorial/backend/scripts/deploy.js
        new file:   dao-tutorial/contract addresses.txt
        new file:   dao-tutorial/frontend/.gitignore
        new file:   dao-tutorial/frontend/components/.gitkeep
        new file:   dao-tutorial/frontend/constants.js
        new file:   dao-tutorial/frontend/next.config.js
        new file:   dao-tutorial/frontend/package.json
        new file:   dao-tutorial/frontend/pages/_appRain.jsx
        new file:   dao-tutorial/frontend/pages/api/hello.js
        new file:   dao-tutorial/frontend/pages/help.jsx
        new file:   dao-tutorial/frontend/pages/index.jsx
        new file:   dao-tutorial/frontend/public/cryptodevs/0.svg
        new file:   dao-tutorial/frontend/public/favicon.ico
        new file:   dao-tutorial/frontend/public/vercel.svg
        new file:   dao-tutorial/frontend/styles/Help.module.css
        new file:   dao-tutorial/frontend/styles/Home.module.css
        new file:   dao-tutorial/frontend/styles/globals.css
        new file:   dao-tutorial/package-lock.json
        new file:   dao-tutorial/terminal-commands.txt


C:\suv\lw3.io_dao>git commit -m "dao-tutorial"
[trunk ec927bb] dao-tutorial
 29 files changed, 3685 insertions(+)
 create mode 100644 dao-tutorial/.git.txt
 create mode 100644 dao-tutorial/.gitignore
 create mode 100644 dao-tutorial/README.md
 create mode 100644 dao-tutorial/backend/.gitignore
 create mode 100644 dao-tutorial/backend/constants.js
 create mode 100644 dao-tutorial/backend/contracts/CryptoDevsDAO.sol
 create mode 100644 dao-tutorial/backend/contracts/FakeNFTMarketplace.sol
 create mode 100644 dao-tutorial/backend/contracts/Lock.sol
 create mode 100644 dao-tutorial/backend/hardhat.config.js
 create mode 100644 dao-tutorial/backend/package.json
 create mode 100644 dao-tutorial/backend/scripts/deploy.js
 create mode 100644 dao-tutorial/contract addresses.txt
 create mode 100644 dao-tutorial/frontend/.gitignore
 create mode 100644 dao-tutorial/frontend/components/.gitkeep
 create mode 100644 dao-tutorial/frontend/constants.js
 create mode 100644 dao-tutorial/frontend/next.config.js
 create mode 100644 dao-tutorial/frontend/package.json
 create mode 100644 dao-tutorial/frontend/pages/_appRain.jsx
 create mode 100644 dao-tutorial/frontend/pages/api/hello.js
 create mode 100644 dao-tutorial/frontend/pages/help.jsx
 create mode 100644 dao-tutorial/frontend/pages/index.jsx
 create mode 100644 dao-tutorial/frontend/public/cryptodevs/0.svg
 create mode 100644 dao-tutorial/frontend/public/favicon.ico
 create mode 100644 dao-tutorial/frontend/public/vercel.svg
 create mode 100644 dao-tutorial/frontend/styles/Help.module.css
 create mode 100644 dao-tutorial/frontend/styles/Home.module.css
 create mode 100644 dao-tutorial/frontend/styles/globals.css
 create mode 100644 dao-tutorial/package-lock.json
 create mode 100644 dao-tutorial/terminal-commands.txt

C:\suv\lw3.io_dao>git status
On branch trunk
Your branch is ahead of 'origin/trunk' by 1 commit.
  (use "git push" to publish your local commits)

nothing to commit, working tree clean

C:\suv\lw3.io_dao>git push

Enumerating objects: 43, done.
Counting objects: 100% (43/43), done.
Delta compression using up to 8 threads
Compressing objects: 100% (37/37), done.
Writing objects: 100% (42/42), 44.26 KiB | 4.43 MiB/s, done.
Total 42 (delta 2), reused 0 (delta 0), pack-reused 0
remote: Resolving deltas: 100% (2/2), done.
To https://github.com/suvrajeet01/lw3.io_dao.git
   402029d..ec927bb  trunk -> trunk

C:\suv\lw3.io_dao>git status
On branch trunk
Your branch is up to date with 'origin/trunk'.

Changes not staged for commit:
  (use "git add <file>..." to update what will be committed)
  (use "git restore <file>..." to discard changes in working directory)
        modified:   dao-tutorial/terminal-commands.txt

no changes added to commit (use "git add" and/or "git commit -a")

C:\suv\lw3.io_dao>cd dao-tutorial/

C:\suv\lw3.io_dao\dao-tutorial>git status
On branch trunk
Your branch is up to date with 'origin/trunk'.

Changes not staged for commit:
  (use "git add <file>..." to update what will be committed)
  (use "git restore <file>..." to discard changes in working directory)
        modified:   terminal-commands.txt

no changes added to commit (use "git add" and/or "git commit -a")

C:\suv\lw3.io_dao\dao-tutorial>























































































PS C:\suv\lw3.io_dao\dao-tutorial> npm update
npm : File C:\Users\preda\AppData\Roaming\npm\npm.ps1 cannot be loaded because running scripts is disabled on this system. For more information, see about_Execution_Policies 
at https:/go.microsoft.com/fwlink/?LinkID=135170.
At line:1 char:1
+ npm update
+ ~~~
    + CategoryInfo          : SecurityError: (:) [], PSSecurityException
    + FullyQualifiedErrorId : UnauthorizedAccess
PS C:\suv\lw3.io_dao\dao-tutorial> 

























































